C:/Users/ssvis/dev/MTE325Lab/en.X-CUBE-SPN2_firmware/STM32CubeExpansion_SPN2_V1.1.1/Drivers/BSP/STM32F4xx-Nucleo/stm32f4xx_nucleo.c:328:13:SPIx_Init	56	static
C:/Users/ssvis/dev/MTE325Lab/en.X-CUBE-SPN2_firmware/STM32CubeExpansion_SPN2_V1.1.1/Drivers/BSP/STM32F4xx-Nucleo/stm32f4xx_nucleo.c:387:13:SPIx_Write	16	static
C:/Users/ssvis/dev/MTE325Lab/en.X-CUBE-SPN2_firmware/STM32CubeExpansion_SPN2_V1.1.1/Drivers/BSP/STM32F4xx-Nucleo/stm32f4xx_nucleo.c:364:17:SPIx_Read	24	static
C:/Users/ssvis/dev/MTE325Lab/en.X-CUBE-SPN2_firmware/STM32CubeExpansion_SPN2_V1.1.1/Drivers/BSP/STM32F4xx-Nucleo/stm32f4xx_nucleo.c:165:10:BSP_GetVersion	0	static
C:/Users/ssvis/dev/MTE325Lab/en.X-CUBE-SPN2_firmware/STM32CubeExpansion_SPN2_V1.1.1/Drivers/BSP/STM32F4xx-Nucleo/stm32f4xx_nucleo.c:177:6:BSP_LED_Init	40	static
C:/Users/ssvis/dev/MTE325Lab/en.X-CUBE-SPN2_firmware/STM32CubeExpansion_SPN2_V1.1.1/Drivers/BSP/STM32F4xx-Nucleo/stm32f4xx_nucleo.c:202:6:BSP_LED_On	8	static
C:/Users/ssvis/dev/MTE325Lab/en.X-CUBE-SPN2_firmware/STM32CubeExpansion_SPN2_V1.1.1/Drivers/BSP/STM32F4xx-Nucleo/stm32f4xx_nucleo.c:214:6:BSP_LED_Off	8	static
C:/Users/ssvis/dev/MTE325Lab/en.X-CUBE-SPN2_firmware/STM32CubeExpansion_SPN2_V1.1.1/Drivers/BSP/STM32F4xx-Nucleo/stm32f4xx_nucleo.c:226:6:BSP_LED_Toggle	8	static
C:/Users/ssvis/dev/MTE325Lab/en.X-CUBE-SPN2_firmware/STM32CubeExpansion_SPN2_V1.1.1/Drivers/BSP/STM32F4xx-Nucleo/stm32f4xx_nucleo.c:242:6:BSP_PB_Init	32	static
C:/Users/ssvis/dev/MTE325Lab/en.X-CUBE-SPN2_firmware/STM32CubeExpansion_SPN2_V1.1.1/Drivers/BSP/STM32F4xx-Nucleo/stm32f4xx_nucleo.c:279:10:BSP_PB_GetState	8	static
C:/Users/ssvis/dev/MTE325Lab/en.X-CUBE-SPN2_firmware/STM32CubeExpansion_SPN2_V1.1.1/Drivers/BSP/STM32F4xx-Nucleo/stm32f4xx_nucleo.c:426:6:SD_IO_Init	40	static
C:/Users/ssvis/dev/MTE325Lab/en.X-CUBE-SPN2_firmware/STM32CubeExpansion_SPN2_V1.1.1/Drivers/BSP/STM32F4xx-Nucleo/stm32f4xx_nucleo.c:462:6:SD_IO_WriteByte	8	static
C:/Users/ssvis/dev/MTE325Lab/en.X-CUBE-SPN2_firmware/STM32CubeExpansion_SPN2_V1.1.1/Drivers/BSP/STM32F4xx-Nucleo/stm32f4xx_nucleo.c:473:9:SD_IO_ReadByte	8	static
C:/Users/ssvis/dev/MTE325Lab/en.X-CUBE-SPN2_firmware/STM32CubeExpansion_SPN2_V1.1.1/Drivers/BSP/STM32F4xx-Nucleo/stm32f4xx_nucleo.c:527:19:SD_IO_WaitResponse	16	static
C:/Users/ssvis/dev/MTE325Lab/en.X-CUBE-SPN2_firmware/STM32CubeExpansion_SPN2_V1.1.1/Drivers/BSP/STM32F4xx-Nucleo/stm32f4xx_nucleo.c:492:19:SD_IO_WriteCmd	24	static
C:/Users/ssvis/dev/MTE325Lab/en.X-CUBE-SPN2_firmware/STM32CubeExpansion_SPN2_V1.1.1/Drivers/BSP/STM32F4xx-Nucleo/stm32f4xx_nucleo.c:554:6:SD_IO_WriteDummy	8	static
C:/Users/ssvis/dev/MTE325Lab/en.X-CUBE-SPN2_firmware/STM32CubeExpansion_SPN2_V1.1.1/Drivers/BSP/STM32F4xx-Nucleo/stm32f4xx_nucleo.c:569:6:LCD_IO_Init	48	static
C:/Users/ssvis/dev/MTE325Lab/en.X-CUBE-SPN2_firmware/STM32CubeExpansion_SPN2_V1.1.1/Drivers/BSP/STM32F4xx-Nucleo/stm32f4xx_nucleo.c:600:6:LCD_IO_WriteReg	16	static
C:/Users/ssvis/dev/MTE325Lab/en.X-CUBE-SPN2_firmware/STM32CubeExpansion_SPN2_V1.1.1/Drivers/BSP/STM32F4xx-Nucleo/stm32f4xx_nucleo.c:621:6:LCD_IO_WriteData	16	static
C:/Users/ssvis/dev/MTE325Lab/en.X-CUBE-SPN2_firmware/STM32CubeExpansion_SPN2_V1.1.1/Drivers/BSP/STM32F4xx-Nucleo/stm32f4xx_nucleo.c:642:6:LCD_IO_WriteMultipleData	16	static
C:/Users/ssvis/dev/MTE325Lab/en.X-CUBE-SPN2_firmware/STM32CubeExpansion_SPN2_V1.1.1/Drivers/BSP/STM32F4xx-Nucleo/stm32f4xx_nucleo.c:693:6:LCD_Delay	8	static
C:/Users/ssvis/dev/MTE325Lab/en.X-CUBE-SPN2_firmware/STM32CubeExpansion_SPN2_V1.1.1/Drivers/BSP/STM32F4xx-Nucleo/stm32f4xx_nucleo.c:755:9:BSP_JOY_Init	48	static
C:/Users/ssvis/dev/MTE325Lab/en.X-CUBE-SPN2_firmware/STM32CubeExpansion_SPN2_V1.1.1/Drivers/BSP/STM32F4xx-Nucleo/stm32f4xx_nucleo.c:783:18:BSP_JOY_GetState	8	static
