C:/Users/ssvis/dev/MTE325Lab/en.X-CUBE-SPN2_firmware/STM32CubeExpansion_SPN2_V1.1.1/Projects/STM32F401RE-Nucleo/Examples/MotionControl/MicrosteppingMotor/Src/example.c:94:6:MicrosteppingMotor_Example_01	48	static
C:/Users/ssvis/dev/MTE325Lab/en.X-CUBE-SPN2_firmware/STM32CubeExpansion_SPN2_V1.1.1/Projects/STM32F401RE-Nucleo/Examples/MotionControl/MicrosteppingMotor/Src/example.c:239:10:BSP_ST1S14_PGOOD	0	static
C:/Users/ssvis/dev/MTE325Lab/en.X-CUBE-SPN2_firmware/STM32CubeExpansion_SPN2_V1.1.1/Projects/STM32F401RE-Nucleo/Examples/MotionControl/MicrosteppingMotor/Src/example.c:258:10:usrPow	4	static
C:/Users/ssvis/dev/MTE325Lab/en.X-CUBE-SPN2_firmware/STM32CubeExpansion_SPN2_V1.1.1/Projects/STM32F401RE-Nucleo/Examples/MotionControl/MicrosteppingMotor/Src/example.c:274:6:HAL_GPIO_EXTI_Callback	8	static
