Archive member included to satisfy reference by file (symbol)

c:/st/stm32cubeide_1.12.1/stm32cubeide/plugins/com.st.stm32cube.ide.mcu.externaltools.gnu-tools-for-stm32.10.3-2021.10.win32_1.0.200.202301161003/tools/bin/../lib/gcc/arm-none-eabi/10.3.1/../../../../arm-none-eabi/lib/thumb/v7e-m+fp/hard\libc_nano.a(lib_a-errno.o)
                              ./Example/SW4STM32/syscalls.o (__errno)
c:/st/stm32cubeide_1.12.1/stm32cubeide/plugins/com.st.stm32cube.ide.mcu.externaltools.gnu-tools-for-stm32.10.3-2021.10.win32_1.0.200.202301161003/tools/bin/../lib/gcc/arm-none-eabi/10.3.1/../../../../arm-none-eabi/lib/thumb/v7e-m+fp/hard\libc_nano.a(lib_a-exit.o)
                              c:/st/stm32cubeide_1.12.1/stm32cubeide/plugins/com.st.stm32cube.ide.mcu.externaltools.gnu-tools-for-stm32.10.3-2021.10.win32_1.0.200.202301161003/tools/bin/../lib/gcc/arm-none-eabi/10.3.1/../../../../arm-none-eabi/lib/thumb/v7e-m+fp/hard/crt0.o (exit)
c:/st/stm32cubeide_1.12.1/stm32cubeide/plugins/com.st.stm32cube.ide.mcu.externaltools.gnu-tools-for-stm32.10.3-2021.10.win32_1.0.200.202301161003/tools/bin/../lib/gcc/arm-none-eabi/10.3.1/../../../../arm-none-eabi/lib/thumb/v7e-m+fp/hard\libc_nano.a(lib_a-impure.o)
                              c:/st/stm32cubeide_1.12.1/stm32cubeide/plugins/com.st.stm32cube.ide.mcu.externaltools.gnu-tools-for-stm32.10.3-2021.10.win32_1.0.200.202301161003/tools/bin/../lib/gcc/arm-none-eabi/10.3.1/../../../../arm-none-eabi/lib/thumb/v7e-m+fp/hard\libc_nano.a(lib_a-exit.o) (_global_impure_ptr)
c:/st/stm32cubeide_1.12.1/stm32cubeide/plugins/com.st.stm32cube.ide.mcu.externaltools.gnu-tools-for-stm32.10.3-2021.10.win32_1.0.200.202301161003/tools/bin/../lib/gcc/arm-none-eabi/10.3.1/../../../../arm-none-eabi/lib/thumb/v7e-m+fp/hard\libc_nano.a(lib_a-init.o)
                              c:/st/stm32cubeide_1.12.1/stm32cubeide/plugins/com.st.stm32cube.ide.mcu.externaltools.gnu-tools-for-stm32.10.3-2021.10.win32_1.0.200.202301161003/tools/bin/../lib/gcc/arm-none-eabi/10.3.1/../../../../arm-none-eabi/lib/thumb/v7e-m+fp/hard/crt0.o (__libc_init_array)
c:/st/stm32cubeide_1.12.1/stm32cubeide/plugins/com.st.stm32cube.ide.mcu.externaltools.gnu-tools-for-stm32.10.3-2021.10.win32_1.0.200.202301161003/tools/bin/../lib/gcc/arm-none-eabi/10.3.1/../../../../arm-none-eabi/lib/thumb/v7e-m+fp/hard\libc_nano.a(lib_a-memset.o)
                              c:/st/stm32cubeide_1.12.1/stm32cubeide/plugins/com.st.stm32cube.ide.mcu.externaltools.gnu-tools-for-stm32.10.3-2021.10.win32_1.0.200.202301161003/tools/bin/../lib/gcc/arm-none-eabi/10.3.1/../../../../arm-none-eabi/lib/thumb/v7e-m+fp/hard/crt0.o (memset)
c:/st/stm32cubeide_1.12.1/stm32cubeide/plugins/com.st.stm32cube.ide.mcu.externaltools.gnu-tools-for-stm32.10.3-2021.10.win32_1.0.200.202301161003/tools/bin/../lib/gcc/arm-none-eabi/10.3.1/thumb/v7e-m+fp/hard\libgcc.a(_arm_muldf3.o)
                              ./Drivers/BSP/Components/L6470/L6470.o (__aeabi_dmul)
c:/st/stm32cubeide_1.12.1/stm32cubeide/plugins/com.st.stm32cube.ide.mcu.externaltools.gnu-tools-for-stm32.10.3-2021.10.win32_1.0.200.202301161003/tools/bin/../lib/gcc/arm-none-eabi/10.3.1/thumb/v7e-m+fp/hard\libgcc.a(_arm_addsubdf3.o)
                              ./Drivers/BSP/Components/L6470/L6470.o (__aeabi_dadd)
c:/st/stm32cubeide_1.12.1/stm32cubeide/plugins/com.st.stm32cube.ide.mcu.externaltools.gnu-tools-for-stm32.10.3-2021.10.win32_1.0.200.202301161003/tools/bin/../lib/gcc/arm-none-eabi/10.3.1/thumb/v7e-m+fp/hard\libgcc.a(_arm_truncdfsf2.o)
                              ./Drivers/BSP/Components/L6470/L6470.o (__aeabi_d2f)

Discarded input sections

 .text          0x0000000000000000        0x0 c:/st/stm32cubeide_1.12.1/stm32cubeide/plugins/com.st.stm32cube.ide.mcu.externaltools.gnu-tools-for-stm32.10.3-2021.10.win32_1.0.200.202301161003/tools/bin/../lib/gcc/arm-none-eabi/10.3.1/thumb/v7e-m+fp/hard/crti.o
 .data          0x0000000000000000        0x0 c:/st/stm32cubeide_1.12.1/stm32cubeide/plugins/com.st.stm32cube.ide.mcu.externaltools.gnu-tools-for-stm32.10.3-2021.10.win32_1.0.200.202301161003/tools/bin/../lib/gcc/arm-none-eabi/10.3.1/thumb/v7e-m+fp/hard/crti.o
 .bss           0x0000000000000000        0x0 c:/st/stm32cubeide_1.12.1/stm32cubeide/plugins/com.st.stm32cube.ide.mcu.externaltools.gnu-tools-for-stm32.10.3-2021.10.win32_1.0.200.202301161003/tools/bin/../lib/gcc/arm-none-eabi/10.3.1/thumb/v7e-m+fp/hard/crti.o
 .data          0x0000000000000000        0x4 c:/st/stm32cubeide_1.12.1/stm32cubeide/plugins/com.st.stm32cube.ide.mcu.externaltools.gnu-tools-for-stm32.10.3-2021.10.win32_1.0.200.202301161003/tools/bin/../lib/gcc/arm-none-eabi/10.3.1/thumb/v7e-m+fp/hard/crtbegin.o
 .rodata        0x0000000000000000       0x24 c:/st/stm32cubeide_1.12.1/stm32cubeide/plugins/com.st.stm32cube.ide.mcu.externaltools.gnu-tools-for-stm32.10.3-2021.10.win32_1.0.200.202301161003/tools/bin/../lib/gcc/arm-none-eabi/10.3.1/thumb/v7e-m+fp/hard/crtbegin.o
[...]
Memory Configuration

Name             Origin             Length             Attributes
FLASH            0x0000000008000000 0x0000000000080000 xr
RAM              0x0000000020000000 0x0000000000018000 xrw
*default*        0x0000000000000000 0xffffffffffffffff

Linker script and memory map

LOAD c:/st/stm32cubeide_1.12.1/stm32cubeide/plugins/com.st.stm32cube.ide.mcu.externaltools.gnu-tools-for-stm32.10.3-2021.10.win32_1.0.200.202301161003/tools/bin/../lib/gcc/arm-none-eabi/10.3.1/thumb/v7e-m+fp/hard/crti.o
LOAD c:/st/stm32cubeide_1.12.1/stm32cubeide/plugins/com.st.stm32cube.ide.mcu.externaltools.gnu-tools-for-stm32.10.3-2021.10.win32_1.0.200.202301161003/tools/bin/../lib/gcc/arm-none-eabi/10.3.1/thumb/v7e-m+fp/hard/crtbegin.o
LOAD c:/st/stm32cubeide_1.12.1/stm32cubeide/plugins/com.st.stm32cube.ide.mcu.externaltools.gnu-tools-for-stm32.10.3-2021.10.win32_1.0.200.202301161003/tools/bin/../lib/gcc/arm-none-eabi/10.3.1/../../../../arm-none-eabi/lib/thumb/v7e-m+fp/hard/crt0.o
LOAD ./Drivers/BSP/Components/L6470/L6470.o
LOAD ./Drivers/BSP/STM32F4xx-Nucleo/stm32f4xx_nucleo.o
LOAD ./Drivers/BSP/X-NUCLEO-IHM02A1/xnucleoihm02a1.o
LOAD ./Drivers/BSP/X-NUCLEO-IHM02A1/xnucleoihm02a1_interface.o
LOAD ./Drivers/CMSIS/system_stm32f4xx.o
LOAD ./Drivers/STM32F4xx_HAL_Driver/stm32f4xx_hal.o
LOAD ./Drivers/STM32F4xx_HAL_Driver/stm32f4xx_hal_adc.o
LOAD ./Drivers/STM32F4xx_HAL_Driver/stm32f4xx_hal_adc_ex.o
LOAD ./Drivers/STM32F4xx_HAL_Driver/stm32f4xx_hal_cortex.o
LOAD ./Drivers/STM32F4xx_HAL_Driver/stm32f4xx_hal_dma.o
LOAD ./Drivers/STM32F4xx_HAL_Driver/stm32f4xx_hal_dma_ex.o
LOAD ./Drivers/STM32F4xx_HAL_Driver/stm32f4xx_hal_flash.o
LOAD ./Drivers/STM32F4xx_HAL_Driver/stm32f4xx_hal_flash_ex.o
LOAD ./Drivers/STM32F4xx_HAL_Driver/stm32f4xx_hal_flash_ramfunc.o
LOAD ./Drivers/STM32F4xx_HAL_Driver/stm32f4xx_hal_gpio.o
LOAD ./Drivers/STM32F4xx_HAL_Driver/stm32f4xx_hal_pwr.o
LOAD ./Drivers/STM32F4xx_HAL_Driver/stm32f4xx_hal_pwr_ex.o
LOAD ./Drivers/STM32F4xx_HAL_Driver/stm32f4xx_hal_rcc.o
LOAD ./Drivers/STM32F4xx_HAL_Driver/stm32f4xx_hal_rcc_ex.o
LOAD ./Drivers/STM32F4xx_HAL_Driver/stm32f4xx_hal_spi.o
LOAD ./Drivers/STM32F4xx_HAL_Driver/stm32f4xx_hal_uart.o
LOAD ./Example/SW4STM32/startup_stm32f401xe.o
LOAD ./Example/SW4STM32/syscalls.o
LOAD ./Example/User/example.o
LOAD ./Example/User/example_usart.o
LOAD ./Example/User/main.o
LOAD ./Example/User/params.o
LOAD ./Example/User/stm32f4xx_hal_msp.o
LOAD ./Example/User/stm32f4xx_it.o
START GROUP
LOAD c:/st/stm32cubeide_1.12.1/stm32cubeide/plugins/com.st.stm32cube.ide.mcu.externaltools.gnu-tools-for-stm32.10.3-2021.10.win32_1.0.200.202301161003/tools/bin/../lib/gcc/arm-none-eabi/10.3.1/../../../../arm-none-eabi/lib/thumb/v7e-m+fp/hard\libc_nano.a
LOAD c:/st/stm32cubeide_1.12.1/stm32cubeide/plugins/com.st.stm32cube.ide.mcu.externaltools.gnu-tools-for-stm32.10.3-2021.10.win32_1.0.200.202301161003/tools/bin/../lib/gcc/arm-none-eabi/10.3.1/../../../../arm-none-eabi/lib/thumb/v7e-m+fp/hard\libm.a
END GROUP
START GROUP
LOAD c:/st/stm32cubeide_1.12.1/stm32cubeide/plugins/com.st.stm32cube.ide.mcu.externaltools.gnu-tools-for-stm32.10.3-2021.10.win32_1.0.200.202301161003/tools/bin/../lib/gcc/arm-none-eabi/10.3.1/thumb/v7e-m+fp/hard\libgcc.a
LOAD c:/st/stm32cubeide_1.12.1/stm32cubeide/plugins/com.st.stm32cube.ide.mcu.externaltools.gnu-tools-for-stm32.10.3-2021.10.win32_1.0.200.202301161003/tools/bin/../lib/gcc/arm-none-eabi/10.3.1/../../../../arm-none-eabi/lib/thumb/v7e-m+fp/hard\libc_nano.a
END GROUP
START GROUP
LOAD c:/st/stm32cubeide_1.12.1/stm32cubeide/plugins/com.st.stm32cube.ide.mcu.externaltools.gnu-tools-for-stm32.10.3-2021.10.win32_1.0.200.202301161003/tools/bin/../lib/gcc/arm-none-eabi/10.3.1/thumb/v7e-m+fp/hard\libgcc.a
LOAD c:/st/stm32cubeide_1.12.1/stm32cubeide/plugins/com.st.stm32cube.ide.mcu.externaltools.gnu-tools-for-stm32.10.3-2021.10.win32_1.0.200.202301161003/tools/bin/../lib/gcc/arm-none-eabi/10.3.1/../../../../arm-none-eabi/lib/thumb/v7e-m+fp/hard\libc_nano.a
LOAD c:/st/stm32cubeide_1.12.1/stm32cubeide/plugins/com.st.stm32cube.ide.mcu.externaltools.gnu-tools-for-stm32.10.3-2021.10.win32_1.0.200.202301161003/tools/bin/../lib/gcc/arm-none-eabi/10.3.1/../../../../arm-none-eabi/lib/thumb/v7e-m+fp/hard\libnosys.a
END GROUP
START GROUP
LOAD c:/st/stm32cubeide_1.12.1/stm32cubeide/plugins/com.st.stm32cube.ide.mcu.externaltools.gnu-tools-for-stm32.10.3-2021.10.win32_1.0.200.202301161003/tools/bin/../lib/gcc/arm-none-eabi/10.3.1/thumb/v7e-m+fp/hard\libgcc.a
LOAD c:/st/stm32cubeide_1.12.1/stm32cubeide/plugins/com.st.stm32cube.ide.mcu.externaltools.gnu-tools-for-stm32.10.3-2021.10.win32_1.0.200.202301161003/tools/bin/../lib/gcc/arm-none-eabi/10.3.1/../../../../arm-none-eabi/lib/thumb/v7e-m+fp/hard\libc_nano.a
LOAD c:/st/stm32cubeide_1.12.1/stm32cubeide/plugins/com.st.stm32cube.ide.mcu.externaltools.gnu-tools-for-stm32.10.3-2021.10.win32_1.0.200.202301161003/tools/bin/../lib/gcc/arm-none-eabi/10.3.1/../../../../arm-none-eabi/lib/thumb/v7e-m+fp/hard\libnosys.a
END GROUP
LOAD c:/st/stm32cubeide_1.12.1/stm32cubeide/plugins/com.st.stm32cube.ide.mcu.externaltools.gnu-tools-for-stm32.10.3-2021.10.win32_1.0.200.202301161003/tools/bin/../lib/gcc/arm-none-eabi/10.3.1/thumb/v7e-m+fp/hard/crtend.o
LOAD c:/st/stm32cubeide_1.12.1/stm32cubeide/plugins/com.st.stm32cube.ide.mcu.externaltools.gnu-tools-for-stm32.10.3-2021.10.win32_1.0.200.202301161003/tools/bin/../lib/gcc/arm-none-eabi/10.3.1/thumb/v7e-m+fp/hard/crtn.o
                0x0000000020018000                _estack = 0x20018000
                0x0000000000000200                _Min_Heap_Size = 0x200
                0x0000000000000400                _Min_Stack_Size = 0x400

.isr_vector     0x0000000008000000      0x194
                0x0000000008000000                . = ALIGN (0x4)
 *(.isr_vector)
 .isr_vector    0x0000000008000000      0x194 ./Example/SW4STM32/startup_stm32f401xe.o
                0x0000000008000000                g_pfnVectors
                0x0000000008000194                . = ALIGN (0x4)

.text           0x0000000008000194     0x3558
                0x0000000008000194                . = ALIGN (0x4)
 *(.text)
 .text          0x0000000008000194       0x40 c:/st/stm32cubeide_1.12.1/stm32cubeide/plugins/com.st.stm32cube.ide.mcu.externaltools.gnu-tools-for-stm32.10.3-2021.10.win32_1.0.200.202301161003/tools/bin/../lib/gcc/arm-none-eabi/10.3.1/thumb/v7e-m+fp/hard/crtbegin.o
 *(.text*)
 .text.L6470_ResetAppCmdPkg
                0x00000000080001d4       0x14 ./Drivers/BSP/Components/L6470/L6470.o
                0x00000000080001d4                L6470_ResetAppCmdPkg
 .text.L6470_PrepareAppCmdPkg
                0x00000000080001e8       0x38 ./Drivers/BSP/Components/L6470/L6470.o
                0x00000000080001e8                L6470_PrepareAppCmdPkg
 .text.L6470_PrepareSetParam
                0x0000000008000220       0x20 ./Drivers/BSP/Components/L6470/L6470.o
                0x0000000008000220                L6470_PrepareSetParam
 .text.L6470_PrepareGetParam
                0x0000000008000240       0x20 ./Drivers/BSP/Components/L6470/L6470.o
                0x0000000008000240                L6470_PrepareGetParam
 .text.L6470_PrepareRun
                0x0000000008000260       0x20 ./Drivers/BSP/Components/L6470/L6470.o
                0x0000000008000260                L6470_PrepareRun
 .text.L6470_PrepareStepClock
                0x0000000008000280       0x20 ./Drivers/BSP/Components/L6470/L6470.o
                0x0000000008000280                L6470_PrepareStepClock
 .text.L6470_PrepareMove
                0x00000000080002a0       0x20 ./Drivers/BSP/Components/L6470/L6470.o
                0x00000000080002a0                L6470_PrepareMove
 .text.L6470_PrepareGoTo
                0x00000000080002c0       0x20 ./Drivers/BSP/Components/L6470/L6470.o
                0x00000000080002c0                L6470_PrepareGoTo
 .text.L6470_PrepareGoToDir
                0x00000000080002e0       0x20 ./Drivers/BSP/Components/L6470/L6470.o
                0x00000000080002e0                L6470_PrepareGoToDir
 .text.L6470_PrepareGoUntil
                0x0000000008000300       0x1c ./Drivers/BSP/Components/L6470/L6470.o
                0x0000000008000300                L6470_PrepareGoUntil
 .text.L6470_PrepareReleaseSW
                0x000000000800031c       0x20 ./Drivers/BSP/Components/L6470/L6470.o
                0x000000000800031c                L6470_PrepareReleaseSW
 .text.L6470_PrepareGoHome
                0x000000000800033c       0x1c ./Drivers/BSP/Components/L6470/L6470.o
                0x000000000800033c                L6470_PrepareGoHome
 .text.L6470_PrepareGoMark
                0x0000000008000358       0x1c ./Drivers/BSP/Components/L6470/L6470.o
                0x0000000008000358                L6470_PrepareGoMark
 .text.L6470_PrepareResetPos
                0x0000000008000374       0x1c ./Drivers/BSP/Components/L6470/L6470.o
                0x0000000008000374                L6470_PrepareResetPos
 .text.L6470_PrepareResetDevice
                0x0000000008000390       0x1c ./Drivers/BSP/Components/L6470/L6470.o
                0x0000000008000390                L6470_PrepareResetDevice
 .text.L6470_PrepareSoftStop
                0x00000000080003ac       0x1c ./Drivers/BSP/Components/L6470/L6470.o
                0x00000000080003ac                L6470_PrepareSoftStop
 .text.L6470_PrepareHardStop
                0x00000000080003c8       0x1c ./Drivers/BSP/Components/L6470/L6470.o
                0x00000000080003c8                L6470_PrepareHardStop
 .text.L6470_PrepareSoftHiZ
                0x00000000080003e4       0x1c ./Drivers/BSP/Components/L6470/L6470.o
                0x00000000080003e4                L6470_PrepareSoftHiZ
 .text.L6470_PrepareHardHiZ
                0x0000000008000400       0x1c ./Drivers/BSP/Components/L6470/L6470.o
                0x0000000008000400                L6470_PrepareHardHiZ
 .text.L6470_PrepareGetStatus
                0x000000000800041c       0x1c ./Drivers/BSP/Components/L6470/L6470.o
                0x000000000800041c                L6470_PrepareGetStatus
 .text.L6470_PrepareDaisyChainCommand
                0x0000000008000438      0x1f0 ./Drivers/BSP/Components/L6470/L6470.o
                0x0000000008000438                L6470_PrepareDaisyChainCommand
 .text.Step_s2_2_Acc
                0x0000000008000628       0x30 ./Drivers/BSP/Components/L6470/L6470.o
                0x0000000008000628                Step_s2_2_Acc
 .text.Step_s2_2_Dec
                0x0000000008000658       0x30 ./Drivers/BSP/Components/L6470/L6470.o
                0x0000000008000658                Step_s2_2_Dec
 .text.Step_s_2_MaxSpeed
                0x0000000008000688       0x30 ./Drivers/BSP/Components/L6470/L6470.o
                0x0000000008000688                Step_s_2_MaxSpeed
 .text.Step_s_2_MinSpeed
                0x00000000080006b8       0x30 ./Drivers/BSP/Components/L6470/L6470.o
                0x00000000080006b8                Step_s_2_MinSpeed
 .text.Step_s_2_FsSpd
                0x00000000080006e8       0x38 ./Drivers/BSP/Components/L6470/L6470.o
                0x00000000080006e8                Step_s_2_FsSpd
 .text.Step_s_2_IntSpeed
                0x0000000008000720       0x30 ./Drivers/BSP/Components/L6470/L6470.o
                0x0000000008000720                Step_s_2_IntSpeed
 .text.s_Step_2_StSlp
                0x0000000008000750       0x34 ./Drivers/BSP/Components/L6470/L6470.o
                0x0000000008000750                s_Step_2_StSlp
 .text.s_Step_2_FnSlpAcc
                0x0000000008000784       0x34 ./Drivers/BSP/Components/L6470/L6470.o
                0x0000000008000784                s_Step_2_FnSlpAcc
 .text.s_Step_2_FnSlpDec
                0x00000000080007b8       0x34 ./Drivers/BSP/Components/L6470/L6470.o
                0x00000000080007b8                s_Step_2_FnSlpDec
 .text.mA_2_OcdTh
                0x00000000080007ec       0x54 ./Drivers/BSP/Components/L6470/L6470.o
                0x00000000080007ec                mA_2_OcdTh
 .text.mA_2_StallTh
                0x0000000008000840       0x54 ./Drivers/BSP/Components/L6470/L6470.o
                0x0000000008000840                mA_2_StallTh
 .text.L6470_ID
                0x0000000008000894        0x8 ./Drivers/BSP/Components/L6470/L6470.o
                0x0000000008000894                L6470_ID
 .text.L6470_DaisyChainCommand
                0x000000000800089c       0x6c ./Drivers/BSP/Components/L6470/L6470.o
                0x000000000800089c                L6470_DaisyChainCommand
 .text.L6470_SetParam
                0x0000000008000908       0x38 ./Drivers/BSP/Components/L6470/L6470.o
                0x0000000008000908                L6470_SetParam
 .text.L6470_Run
                0x0000000008000940       0x38 ./Drivers/BSP/Components/L6470/L6470.o
                0x0000000008000940                L6470_Run
 .text.L6470_StepClock
                0x0000000008000978       0x38 ./Drivers/BSP/Components/L6470/L6470.o
                0x0000000008000978                L6470_StepClock
 .text.L6470_Move
                0x00000000080009b0       0x38 ./Drivers/BSP/Components/L6470/L6470.o
                0x00000000080009b0                L6470_Move
 .text.L6470_GoTo
                0x00000000080009e8       0x40 ./Drivers/BSP/Components/L6470/L6470.o
                0x00000000080009e8                L6470_GoTo
 .text.L6470_GoToDir
                0x0000000008000a28       0x40 ./Drivers/BSP/Components/L6470/L6470.o
                0x0000000008000a28                L6470_GoToDir
 .text.L6470_GoUntil
                0x0000000008000a68       0x34 ./Drivers/BSP/Components/L6470/L6470.o
                0x0000000008000a68                L6470_GoUntil
 .text.L6470_ReleaseSW
                0x0000000008000a9c       0x38 ./Drivers/BSP/Components/L6470/L6470.o
                0x0000000008000a9c                L6470_ReleaseSW
 .text.L6470_GoHome
                0x0000000008000ad4       0x34 ./Drivers/BSP/Components/L6470/L6470.o
                0x0000000008000ad4                L6470_GoHome
 .text.L6470_GoMark
                0x0000000008000b08       0x34 ./Drivers/BSP/Components/L6470/L6470.o
                0x0000000008000b08                L6470_GoMark
 .text.L6470_ResetPos
                0x0000000008000b3c       0x34 ./Drivers/BSP/Components/L6470/L6470.o
                0x0000000008000b3c                L6470_ResetPos
 .text.L6470_ResetDevice
                0x0000000008000b70       0x34 ./Drivers/BSP/Components/L6470/L6470.o
                0x0000000008000b70                L6470_ResetDevice
 .text.L6470_SoftStop
                0x0000000008000ba4       0x34 ./Drivers/BSP/Components/L6470/L6470.o
                0x0000000008000ba4                L6470_SoftStop
 .text.L6470_HardStop
                0x0000000008000bd8       0x34 ./Drivers/BSP/Components/L6470/L6470.o
                0x0000000008000bd8                L6470_HardStop
 .text.L6470_SoftHiZ
                0x0000000008000c0c       0x34 ./Drivers/BSP/Components/L6470/L6470.o
                0x0000000008000c0c                L6470_SoftHiZ
 .text.L6470_HardHiZ
                0x0000000008000c40       0x34 ./Drivers/BSP/Components/L6470/L6470.o
                0x0000000008000c40                L6470_HardHiZ
 .text.L6470_PerformPreparedApplicationCommand
                0x0000000008000c74       0x24 ./Drivers/BSP/Components/L6470/L6470.o
                0x0000000008000c74                L6470_PerformPreparedApplicationCommand
 .text.L6470_ExtractReturnedData
                0x0000000008000c98       0x24 ./Drivers/BSP/Components/L6470/L6470.o
                0x0000000008000c98                L6470_ExtractReturnedData
 .text.L6470_GetParam
                0x0000000008000cbc       0x5c ./Drivers/BSP/Components/L6470/L6470.o
                0x0000000008000cbc                L6470_GetParam
 .text.L6470_CheckStatusRegisterFlag
                0x0000000008000d18       0xe0 ./Drivers/BSP/Components/L6470/L6470.o
                0x0000000008000d18                L6470_CheckStatusRegisterFlag
 .text.L6470_GetStatus
                0x0000000008000df8       0x44 ./Drivers/BSP/Components/L6470/L6470.o
                0x0000000008000df8                L6470_GetStatus
 .text.L6470_Config
                0x0000000008000e3c      0x214 ./Drivers/BSP/Components/L6470/L6470.o
                0x0000000008000e3c                L6470_Config
 .text.BSP_LED_Init
                0x0000000008001050       0x50 ./Drivers/BSP/STM32F4xx-Nucleo/stm32f4xx_nucleo.o
                0x0000000008001050                BSP_LED_Init
 .text.BSP_LED_On
                0x00000000080010a0       0x18 ./Drivers/BSP/STM32F4xx-Nucleo/stm32f4xx_nucleo.o
                0x00000000080010a0                BSP_LED_On
 .text.BSP_LED_Off
                0x00000000080010b8       0x18 ./Drivers/BSP/STM32F4xx-Nucleo/stm32f4xx_nucleo.o
                0x00000000080010b8                BSP_LED_Off
 .text.BSP_PB_Init
                0x00000000080010d0       0x84 ./Drivers/BSP/STM32F4xx-Nucleo/stm32f4xx_nucleo.o
                0x00000000080010d0                BSP_PB_Init
 .text.BSP_Select
                0x0000000008001154       0x24 ./Drivers/BSP/X-NUCLEO-IHM02A1/xnucleoihm02a1.o
                0x0000000008001154                BSP_Select
 .text.BSP_L6470_ResetDevice
                0x0000000008001178       0x14 ./Drivers/BSP/X-NUCLEO-IHM02A1/xnucleoihm02a1.o
                0x0000000008001178                BSP_L6470_ResetDevice
 .text.BSP_L6470_GetStatus
                0x000000000800118c       0x16 ./Drivers/BSP/X-NUCLEO-IHM02A1/xnucleoihm02a1.o
                0x000000000800118c                BSP_L6470_GetStatus
 .text.BSP_L6470_SetParam
                0x00000000080011a2       0x1c ./Drivers/BSP/X-NUCLEO-IHM02A1/xnucleoihm02a1.o
                0x00000000080011a2                BSP_L6470_SetParam
 .text.BSP_L6470_GetParam
                0x00000000080011be       0x1a ./Drivers/BSP/X-NUCLEO-IHM02A1/xnucleoihm02a1.o
                0x00000000080011be                BSP_L6470_GetParam
 .text.BSP_L6470_Run
                0x00000000080011d8       0x1c ./Drivers/BSP/X-NUCLEO-IHM02A1/xnucleoihm02a1.o
                0x00000000080011d8                BSP_L6470_Run
 .text.BSP_L6470_StepClock
                0x00000000080011f4       0x18 ./Drivers/BSP/X-NUCLEO-IHM02A1/xnucleoihm02a1.o
                0x00000000080011f4                BSP_L6470_StepClock
 .text.BSP_L6470_Move
                0x000000000800120c       0x1c ./Drivers/BSP/X-NUCLEO-IHM02A1/xnucleoihm02a1.o
                0x000000000800120c                BSP_L6470_Move
 .text.BSP_L6470_GoTo
                0x0000000008001228       0x18 ./Drivers/BSP/X-NUCLEO-IHM02A1/xnucleoihm02a1.o
                0x0000000008001228                BSP_L6470_GoTo
 .text.BSP_L6470_GoToDir
                0x0000000008001240       0x1c ./Drivers/BSP/X-NUCLEO-IHM02A1/xnucleoihm02a1.o
                0x0000000008001240                BSP_L6470_GoToDir
 .text.BSP_L6470_GoUntil
                0x000000000800125c       0x1e ./Drivers/BSP/X-NUCLEO-IHM02A1/xnucleoihm02a1.o
                0x000000000800125c                BSP_L6470_GoUntil
 .text.BSP_L6470_ReleaseSW
                0x000000000800127a       0x1c ./Drivers/BSP/X-NUCLEO-IHM02A1/xnucleoihm02a1.o
                0x000000000800127a                BSP_L6470_ReleaseSW
 .text.BSP_L6470_GoHome
                0x0000000008001296       0x14 ./Drivers/BSP/X-NUCLEO-IHM02A1/xnucleoihm02a1.o
                0x0000000008001296                BSP_L6470_GoHome
 .text.BSP_L6470_GoMark
                0x00000000080012aa       0x14 ./Drivers/BSP/X-NUCLEO-IHM02A1/xnucleoihm02a1.o
                0x00000000080012aa                BSP_L6470_GoMark
 .text.BSP_L6470_ResetPos
                0x00000000080012be       0x14 ./Drivers/BSP/X-NUCLEO-IHM02A1/xnucleoihm02a1.o
                0x00000000080012be                BSP_L6470_ResetPos
 .text.BSP_L6470_SoftStop
                0x00000000080012d2       0x14 ./Drivers/BSP/X-NUCLEO-IHM02A1/xnucleoihm02a1.o
                0x00000000080012d2                BSP_L6470_SoftStop
 .text.BSP_L6470_HardStop
                0x00000000080012e6       0x14 ./Drivers/BSP/X-NUCLEO-IHM02A1/xnucleoihm02a1.o
                0x00000000080012e6                BSP_L6470_HardStop
 .text.BSP_L6470_SoftHiZ
                0x00000000080012fa       0x14 ./Drivers/BSP/X-NUCLEO-IHM02A1/xnucleoihm02a1.o
                0x00000000080012fa                BSP_L6470_SoftHiZ
 .text.BSP_L6470_HardHiZ
                0x000000000800130e       0x14 ./Drivers/BSP/X-NUCLEO-IHM02A1/xnucleoihm02a1.o
                0x000000000800130e                BSP_L6470_HardHiZ
 .text.BSP_L6470_CheckStatusRegisterFlag
                0x0000000008001322       0x1a ./Drivers/BSP/X-NUCLEO-IHM02A1/xnucleoihm02a1.o
                0x0000000008001322                BSP_L6470_CheckStatusRegisterFlag
 .text.BSP_L6470_0_0_Config
                0x000000000800133c       0x10 ./Drivers/BSP/X-NUCLEO-IHM02A1/xnucleoihm02a1.o
                0x000000000800133c                BSP_L6470_0_0_Config
 .text.BSP_L6470_0_1_Config
                0x000000000800134c       0x10 ./Drivers/BSP/X-NUCLEO-IHM02A1/xnucleoihm02a1.o
                0x000000000800134c                BSP_L6470_0_1_Config
 .text.BSP_L6470_1_0_Config
                0x000000000800135c       0x10 ./Drivers/BSP/X-NUCLEO-IHM02A1/xnucleoihm02a1.o
                0x000000000800135c                BSP_L6470_1_0_Config
 .text.BSP_L6470_1_1_Config
                0x000000000800136c       0x10 ./Drivers/BSP/X-NUCLEO-IHM02A1/xnucleoihm02a1.o
                0x000000000800136c                BSP_L6470_1_1_Config
 .text.BSP_L6470_2_0_Config
                0x000000000800137c       0x10 ./Drivers/BSP/X-NUCLEO-IHM02A1/xnucleoihm02a1.o
                0x000000000800137c                BSP_L6470_2_0_Config
 .text.BSP_L6470_2_1_Config
                0x000000000800138c       0x10 ./Drivers/BSP/X-NUCLEO-IHM02A1/xnucleoihm02a1.o
                0x000000000800138c                BSP_L6470_2_1_Config
 .text.BSP_L6470_3_0_Config
                0x000000000800139c       0x10 ./Drivers/BSP/X-NUCLEO-IHM02A1/xnucleoihm02a1.o
                0x000000000800139c                BSP_L6470_3_0_Config
 .text.BSP_L6470_3_1_Config
                0x00000000080013ac       0x10 ./Drivers/BSP/X-NUCLEO-IHM02A1/xnucleoihm02a1.o
                0x00000000080013ac                BSP_L6470_3_1_Config
 .text.BSP_NUCLEO_GPIO_Init
                0x00000000080013bc       0xb8 ./Drivers/BSP/X-NUCLEO-IHM02A1/xnucleoihm02a1.o
                0x00000000080013bc                BSP_NUCLEO_GPIO_Init
 .text.BSP_L6470_Init
                0x0000000008001474       0x68 ./Drivers/BSP/X-NUCLEO-IHM02A1/xnucleoihm02a1.o
                0x0000000008001474                BSP_L6470_Init
 .text.BSP_IRQ  0x00000000080014dc       0x22 ./Drivers/BSP/X-NUCLEO-IHM02A1/xnucleoihm02a1.o
                0x00000000080014dc                BSP_IRQ
 .text.BSP_Init
                0x00000000080014fe       0x18 ./Drivers/BSP/X-NUCLEO-IHM02A1/xnucleoihm02a1.o
                0x00000000080014fe                BSP_Init
 .text.BSP_L6470_BusySynchEventManager
                0x0000000008001516        0x4 ./Drivers/BSP/X-NUCLEO-IHM02A1/xnucleoihm02a1.o
                0x0000000008001516                BSP_L6470_BusySynchEventManager
 .text.BSP_L6470_FlagEventManager
                0x000000000800151a        0x4 ./Drivers/BSP/X-NUCLEO-IHM02A1/xnucleoihm02a1.o
                0x000000000800151a                BSP_L6470_FlagEventManager
 *fill*         0x000000000800151e        0x2 
 .text.BSP_EmergencyStop
                0x0000000008001520       0x18 ./Drivers/BSP/X-NUCLEO-IHM02A1/xnucleoihm02a1.o
                0x0000000008001520                BSP_EmergencyStop
 .text.BSP_Config
                0x0000000008001538       0x20 ./Drivers/BSP/X-NUCLEO-IHM02A1/xnucleoihm02a1.o
                0x0000000008001538                BSP_Config
 .text.BSP_0_Config
                0x0000000008001558       0x10 ./Drivers/BSP/X-NUCLEO-IHM02A1/xnucleoihm02a1.o
                0x0000000008001558                BSP_0_Config
 .text.BSP_1_Config
                0x0000000008001568       0x10 ./Drivers/BSP/X-NUCLEO-IHM02A1/xnucleoihm02a1.o
                0x0000000008001568                BSP_1_Config
 .text.BSP_2_Config
                0x0000000008001578       0x10 ./Drivers/BSP/X-NUCLEO-IHM02A1/xnucleoihm02a1.o
                0x0000000008001578                BSP_2_Config
 .text.BSP_3_Config
                0x0000000008001588       0x10 ./Drivers/BSP/X-NUCLEO-IHM02A1/xnucleoihm02a1.o
                0x0000000008001588                BSP_3_Config
 .text.SystemClock_Config
                0x0000000008001598       0x7c ./Drivers/BSP/X-NUCLEO-IHM02A1/xnucleoihm02a1_interface.o
                0x0000000008001598                SystemClock_Config
 .text.MX_GPIO_Init
                0x0000000008001614       0x12 ./Drivers/BSP/X-NUCLEO-IHM02A1/xnucleoihm02a1_interface.o
                0x0000000008001614                MX_GPIO_Init
 *fill*         0x0000000008001626        0x2 
 .text.MX_SPI1_Init
                0x0000000008001628       0x8c ./Drivers/BSP/X-NUCLEO-IHM02A1/xnucleoihm02a1_interface.o
                0x0000000008001628                MX_SPI1_Init
 .text.MX_USART2_Init
                0x00000000080016b4       0x2c ./Drivers/BSP/X-NUCLEO-IHM02A1/xnucleoihm02a1_interface.o
                0x00000000080016b4                MX_USART2_Init
 .text.User_LED_Blinking
                0x00000000080016e0       0x30 ./Drivers/BSP/X-NUCLEO-IHM02A1/xnucleoihm02a1_interface.o
                0x00000000080016e0                User_LED_Blinking
 .text.NUCLEO_Board_Init
                0x0000000008001710       0x22 ./Drivers/BSP/X-NUCLEO-IHM02A1/xnucleoihm02a1_interface.o
                0x0000000008001710                NUCLEO_Board_Init
 *fill*         0x0000000008001732        0x2 
 .text.SystemInit
                0x0000000008001734       0x4c ./Drivers/CMSIS/system_stm32f4xx.o
                0x0000000008001734                SystemInit
 .text.HAL_InitTick
                0x0000000008001780       0x28 ./Drivers/STM32F4xx_HAL_Driver/stm32f4xx_hal.o
                0x0000000008001780                HAL_InitTick
 .text.HAL_Init
                0x00000000080017a8       0x34 ./Drivers/STM32F4xx_HAL_Driver/stm32f4xx_hal.o
                0x00000000080017a8                HAL_Init
 .text.HAL_IncTick
                0x00000000080017dc       0x10 ./Drivers/STM32F4xx_HAL_Driver/stm32f4xx_hal.o
                0x00000000080017dc                HAL_IncTick
 .text.HAL_GetTick
                0x00000000080017ec        0xc ./Drivers/STM32F4xx_HAL_Driver/stm32f4xx_hal.o
                0x00000000080017ec                HAL_GetTick
 .text.HAL_Delay
                0x00000000080017f8       0x1c ./Drivers/STM32F4xx_HAL_Driver/stm32f4xx_hal.o
                0x00000000080017f8                HAL_Delay
 .text.HAL_NVIC_SetPriorityGrouping
                0x0000000008001814       0x3c ./Drivers/STM32F4xx_HAL_Driver/stm32f4xx_hal_cortex.o
                0x0000000008001814                HAL_NVIC_SetPriorityGrouping
 .text.HAL_NVIC_SetPriority
                0x0000000008001850       0x88 ./Drivers/STM32F4xx_HAL_Driver/stm32f4xx_hal_cortex.o
                0x0000000008001850                HAL_NVIC_SetPriority
 .text.HAL_NVIC_EnableIRQ
                0x00000000080018d8       0x2c ./Drivers/STM32F4xx_HAL_Driver/stm32f4xx_hal_cortex.o
                0x00000000080018d8                HAL_NVIC_EnableIRQ
 .text.HAL_NVIC_DisableIRQ
                0x0000000008001904       0x30 ./Drivers/STM32F4xx_HAL_Driver/stm32f4xx_hal_cortex.o
                0x0000000008001904                HAL_NVIC_DisableIRQ
 .text.HAL_SYSTICK_Config
                0x0000000008001934       0x28 ./Drivers/STM32F4xx_HAL_Driver/stm32f4xx_hal_cortex.o
                0x0000000008001934                HAL_SYSTICK_Config
 .text.HAL_SYSTICK_Callback
                0x000000000800195c        0x2 ./Drivers/STM32F4xx_HAL_Driver/stm32f4xx_hal_cortex.o
                0x000000000800195c                HAL_SYSTICK_Callback
 .text.HAL_SYSTICK_IRQHandler
                0x000000000800195e        0x8 ./Drivers/STM32F4xx_HAL_Driver/stm32f4xx_hal_cortex.o
                0x000000000800195e                HAL_SYSTICK_IRQHandler
 *fill*         0x0000000008001966        0x2 
 .text.HAL_GPIO_Init
                0x0000000008001968      0x25c ./Drivers/STM32F4xx_HAL_Driver/stm32f4xx_hal_gpio.o
                0x0000000008001968                HAL_GPIO_Init
 .text.HAL_GPIO_ReadPin
                0x0000000008001bc4       0x24 ./Drivers/STM32F4xx_HAL_Driver/stm32f4xx_hal_gpio.o
                0x0000000008001bc4                HAL_GPIO_ReadPin
 .text.HAL_GPIO_WritePin
                0x0000000008001be8       0x34 ./Drivers/STM32F4xx_HAL_Driver/stm32f4xx_hal_gpio.o
                0x0000000008001be8                HAL_GPIO_WritePin
 .text.HAL_GPIO_EXTI_IRQHandler
                0x0000000008001c1c       0x1c ./Drivers/STM32F4xx_HAL_Driver/stm32f4xx_hal_gpio.o
                0x0000000008001c1c                HAL_GPIO_EXTI_IRQHandler
 .text.HAL_RCC_OscConfig
                0x0000000008001c38      0x48c ./Drivers/STM32F4xx_HAL_Driver/stm32f4xx_hal_rcc.o
                0x0000000008001c38                HAL_RCC_OscConfig
 .text.HAL_RCC_ClockConfig
                0x00000000080020c4      0x350 ./Drivers/STM32F4xx_HAL_Driver/stm32f4xx_hal_rcc.o
                0x00000000080020c4                HAL_RCC_ClockConfig
 .text.HAL_RCC_GetSysClockFreq
                0x0000000008002414       0x78 ./Drivers/STM32F4xx_HAL_Driver/stm32f4xx_hal_rcc.o
                0x0000000008002414                HAL_RCC_GetSysClockFreq
 .text.HAL_RCC_GetHCLKFreq
                0x000000000800248c       0x34 ./Drivers/STM32F4xx_HAL_Driver/stm32f4xx_hal_rcc.o
                0x000000000800248c                HAL_RCC_GetHCLKFreq
 .text.HAL_RCC_GetPCLK1Freq
                0x00000000080024c0       0x2c ./Drivers/STM32F4xx_HAL_Driver/stm32f4xx_hal_rcc.o
                0x00000000080024c0                HAL_RCC_GetPCLK1Freq
 .text.HAL_RCC_GetPCLK2Freq
                0x00000000080024ec       0x2c ./Drivers/STM32F4xx_HAL_Driver/stm32f4xx_hal_rcc.o
                0x00000000080024ec                HAL_RCC_GetPCLK2Freq
 .text.SPI_WaitOnFlagUntilTimeout
                0x0000000008002518       0xde ./Drivers/STM32F4xx_HAL_Driver/stm32f4xx_hal_spi.o
 *fill*         0x00000000080025f6        0x2 
 .text.HAL_SPI_Init
                0x00000000080025f8      0x164 ./Drivers/STM32F4xx_HAL_Driver/stm32f4xx_hal_spi.o
                0x00000000080025f8                HAL_SPI_Init
 .text.HAL_SPI_TransmitReceive
                0x000000000800275c      0x37c ./Drivers/STM32F4xx_HAL_Driver/stm32f4xx_hal_spi.o
                0x000000000800275c                HAL_SPI_TransmitReceive
 .text.UART_SetConfig
                0x0000000008002ad8      0x268 ./Drivers/STM32F4xx_HAL_Driver/stm32f4xx_hal_uart.o
 .text.UART_WaitOnFlagUntilTimeout
                0x0000000008002d40       0xca ./Drivers/STM32F4xx_HAL_Driver/stm32f4xx_hal_uart.o
 *fill*         0x0000000008002e0a        0x2 
 .text.HAL_UART_Init
                0x0000000008002e0c       0xf8 ./Drivers/STM32F4xx_HAL_Driver/stm32f4xx_hal_uart.o
                0x0000000008002e0c                HAL_UART_Init
 .text.HAL_UART_Transmit
                0x0000000008002f04       0xea ./Drivers/STM32F4xx_HAL_Driver/stm32f4xx_hal_uart.o
                0x0000000008002f04                HAL_UART_Transmit
 .text.HAL_UART_TxCpltCallback
                0x0000000008002fee        0x2 ./Drivers/STM32F4xx_HAL_Driver/stm32f4xx_hal_uart.o
                0x0000000008002fee                HAL_UART_TxCpltCallback
 .text.HAL_UART_RxCpltCallback
                0x0000000008002ff0        0x2 ./Drivers/STM32F4xx_HAL_Driver/stm32f4xx_hal_uart.o
                0x0000000008002ff0                HAL_UART_RxCpltCallback
 .text.HAL_UART_ErrorCallback
                0x0000000008002ff2        0x2 ./Drivers/STM32F4xx_HAL_Driver/stm32f4xx_hal_uart.o
                0x0000000008002ff2                HAL_UART_ErrorCallback
 .text.HAL_UART_IRQHandler
                0x0000000008002ff4      0x21c ./Drivers/STM32F4xx_HAL_Driver/stm32f4xx_hal_uart.o
                0x0000000008002ff4                HAL_UART_IRQHandler
 .text.Reset_Handler
                0x0000000008003210       0x50 ./Example/SW4STM32/startup_stm32f401xe.o
                0x0000000008003210                Reset_Handler
 .text.Default_Handler
                0x0000000008003260        0x2 ./Example/SW4STM32/startup_stm32f401xe.o
                0x0000000008003260                RTC_Alarm_IRQHandler
                0x0000000008003260                EXTI2_IRQHandler
                0x0000000008003260                DebugMon_Handler
                0x0000000008003260                SPI4_IRQHandler
                0x0000000008003260                TIM1_CC_IRQHandler
                0x0000000008003260                DMA2_Stream5_IRQHandler
                0x0000000008003260                HardFault_Handler
                0x0000000008003260                DMA1_Stream5_IRQHandler
                0x0000000008003260                PVD_IRQHandler
                0x0000000008003260                SDIO_IRQHandler
                0x0000000008003260                TAMP_STAMP_IRQHandler
                0x0000000008003260                PendSV_Handler
                0x0000000008003260                NMI_Handler
                0x0000000008003260                EXTI3_IRQHandler
                0x0000000008003260                TIM1_UP_TIM10_IRQHandler
                0x0000000008003260                I2C3_ER_IRQHandler
                0x0000000008003260                I2C2_EV_IRQHandler
                0x0000000008003260                DMA1_Stream2_IRQHandler
                0x0000000008003260                FPU_IRQHandler
                0x0000000008003260                UsageFault_Handler
                0x0000000008003260                DMA2_Stream2_IRQHandler
                0x0000000008003260                SPI1_IRQHandler
                0x0000000008003260                TIM1_BRK_TIM9_IRQHandler
                0x0000000008003260                DMA2_Stream3_IRQHandler
                0x0000000008003260                USART6_IRQHandler
                0x0000000008003260                DMA2_Stream0_IRQHandler
                0x0000000008003260                TIM4_IRQHandler
                0x0000000008003260                I2C1_EV_IRQHandler
                0x0000000008003260                DMA1_Stream6_IRQHandler
                0x0000000008003260                DMA1_Stream1_IRQHandler
                0x0000000008003260                TIM3_IRQHandler
                0x0000000008003260                RCC_IRQHandler
                0x0000000008003260                Default_Handler
                0x0000000008003260                ADC_IRQHandler
                0x0000000008003260                DMA1_Stream7_IRQHandler
                0x0000000008003260                TIM5_IRQHandler
                0x0000000008003260                DMA2_Stream7_IRQHandler
                0x0000000008003260                I2C3_EV_IRQHandler
                0x0000000008003260                EXTI9_5_IRQHandler
                0x0000000008003260                RTC_WKUP_IRQHandler
                0x0000000008003260                SPI2_IRQHandler
                0x0000000008003260                MemManage_Handler
                0x0000000008003260                DMA1_Stream0_IRQHandler
                0x0000000008003260                SVC_Handler
                0x0000000008003260                EXTI4_IRQHandler
                0x0000000008003260                WWDG_IRQHandler
                0x0000000008003260                TIM2_IRQHandler
                0x0000000008003260                OTG_FS_WKUP_IRQHandler
                0x0000000008003260                TIM1_TRG_COM_TIM11_IRQHandler
                0x0000000008003260                I2C2_ER_IRQHandler
                0x0000000008003260                DMA2_Stream1_IRQHandler
                0x0000000008003260                FLASH_IRQHandler
                0x0000000008003260                DMA2_Stream4_IRQHandler
                0x0000000008003260                BusFault_Handler
                0x0000000008003260                USART1_IRQHandler
                0x0000000008003260                OTG_FS_IRQHandler
                0x0000000008003260                SPI3_IRQHandler
                0x0000000008003260                DMA1_Stream4_IRQHandler
                0x0000000008003260                I2C1_ER_IRQHandler
                0x0000000008003260                DMA2_Stream6_IRQHandler
                0x0000000008003260                DMA1_Stream3_IRQHandler
 .text.HAL_GPIO_EXTI_Callback
                0x0000000008003262       0x24 ./Example/User/example.o
                0x0000000008003262                HAL_GPIO_EXTI_Callback
 .text.USART_Transmit
                0x0000000008003286       0x16 ./Example/User/example_usart.o
                0x0000000008003286                USART_Transmit
 .text.USART_TxWelcomeMessage
                0x000000000800329c       0x78 ./Example/User/example_usart.o
                0x000000000800329c                USART_TxWelcomeMessage
 .text.USART_ITCharManager
                0x0000000008003314       0x74 ./Example/User/example_usart.o
                0x0000000008003314                USART_ITCharManager
 .text.main     0x0000000008003388      0x15c ./Example/User/main.o
                0x0000000008003388                main
 .text.assert_failed
                0x00000000080034e4        0x2 ./Example/User/main.o
                0x00000000080034e4                assert_failed
 .text.HAL_MspInit
                0x00000000080034e6       0x16 ./Example/User/stm32f4xx_hal_msp.o
                0x00000000080034e6                HAL_MspInit
 .text.HAL_SPI_MspInit
                0x00000000080034fc       0xdc ./Example/User/stm32f4xx_hal_msp.o
                0x00000000080034fc                HAL_SPI_MspInit
 .text.HAL_UART_MspInit
                0x00000000080035d8       0x70 ./Example/User/stm32f4xx_hal_msp.o
                0x00000000080035d8                HAL_UART_MspInit
 .text.SysTick_Handler
                0x0000000008003648        0xc ./Example/User/stm32f4xx_it.o
                0x0000000008003648                SysTick_Handler
 .text.EXTI1_IRQHandler
                0x0000000008003654        0xa ./Example/User/stm32f4xx_it.o
                0x0000000008003654                EXTI1_IRQHandler
 .text.EXTI0_IRQHandler
                0x000000000800365e        0xa ./Example/User/stm32f4xx_it.o
                0x000000000800365e                EXTI0_IRQHandler
 .text.USART2_IRQHandler
                0x0000000008003668       0x18 ./Example/User/stm32f4xx_it.o
                0x0000000008003668                USART2_IRQHandler
 .text.EXTI15_10_IRQHandler
                0x0000000008003680        0xc ./Example/User/stm32f4xx_it.o
                0x0000000008003680                EXTI15_10_IRQHandler
 .text.__libc_init_array
                0x000000000800368c       0x48 c:/st/stm32cubeide_1.12.1/stm32cubeide/plugins/com.st.stm32cube.ide.mcu.externaltools.gnu-tools-for-stm32.10.3-2021.10.win32_1.0.200.202301161003/tools/bin/../lib/gcc/arm-none-eabi/10.3.1/../../../../arm-none-eabi/lib/thumb/v7e-m+fp/hard\libc_nano.a(lib_a-init.o)
                0x000000000800368c                __libc_init_array
 *(.glue_7)
 .glue_7        0x00000000080036d4        0x0 linker stubs
 *(.glue_7t)
 .glue_7t       0x00000000080036d4        0x0 linker stubs
 *(.eh_frame)
 .eh_frame      0x00000000080036d4        0x0 c:/st/stm32cubeide_1.12.1/stm32cubeide/plugins/com.st.stm32cube.ide.mcu.externaltools.gnu-tools-for-stm32.10.3-2021.10.win32_1.0.200.202301161003/tools/bin/../lib/gcc/arm-none-eabi/10.3.1/thumb/v7e-m+fp/hard/crtbegin.o
 *(.init)
 .init          0x00000000080036d4        0x4 c:/st/stm32cubeide_1.12.1/stm32cubeide/plugins/com.st.stm32cube.ide.mcu.externaltools.gnu-tools-for-stm32.10.3-2021.10.win32_1.0.200.202301161003/tools/bin/../lib/gcc/arm-none-eabi/10.3.1/thumb/v7e-m+fp/hard/crti.o
                0x00000000080036d4                _init
 .init          0x00000000080036d8        0x8 c:/st/stm32cubeide_1.12.1/stm32cubeide/plugins/com.st.stm32cube.ide.mcu.externaltools.gnu-tools-for-stm32.10.3-2021.10.win32_1.0.200.202301161003/tools/bin/../lib/gcc/arm-none-eabi/10.3.1/thumb/v7e-m+fp/hard/crtn.o
 *(.fini)
 .fini          0x00000000080036e0        0x4 c:/st/stm32cubeide_1.12.1/stm32cubeide/plugins/com.st.stm32cube.ide.mcu.externaltools.gnu-tools-for-stm32.10.3-2021.10.win32_1.0.200.202301161003/tools/bin/../lib/gcc/arm-none-eabi/10.3.1/thumb/v7e-m+fp/hard/crti.o
                0x00000000080036e0                _fini
 .fini          0x00000000080036e4        0x8 c:/st/stm32cubeide_1.12.1/stm32cubeide/plugins/com.st.stm32cube.ide.mcu.externaltools.gnu-tools-for-stm32.10.3-2021.10.win32_1.0.200.202301161003/tools/bin/../lib/gcc/arm-none-eabi/10.3.1/thumb/v7e-m+fp/hard/crtn.o
                0x00000000080036ec                . = ALIGN (0x4)
                0x00000000080036ec                _etext = .

.vfp11_veneer   0x00000000080036ec        0x0
 .vfp11_veneer  0x00000000080036ec        0x0 linker stubs

.v4_bx          0x00000000080036ec        0x0
 .v4_bx         0x00000000080036ec        0x0 linker stubs

.iplt           0x00000000080036ec        0x0
 .iplt          0x00000000080036ec        0x0 c:/st/stm32cubeide_1.12.1/stm32cubeide/plugins/com.st.stm32cube.ide.mcu.externaltools.gnu-tools-for-stm32.10.3-2021.10.win32_1.0.200.202301161003/tools/bin/../lib/gcc/arm-none-eabi/10.3.1/thumb/v7e-m+fp/hard/crtbegin.o

.rodata         0x00000000080036ec      0x9d8
                0x00000000080036ec                . = ALIGN (0x4)
 *(.rodata)
 .rodata        0x00000000080036ec      0x31e ./Drivers/BSP/Components/L6470/L6470.o
                0x00000000080036ec                L6470_ApplicationCommand
                0x00000000080037f8                L6470_Register
                0x00000000080039ec                L6470_Direction
                0x0000000008003a00                L6470_ACT
 *fill*         0x0000000008003a0a        0x2 
 .rodata        0x0000000008003a0c       0x10 ./Drivers/STM32F4xx_HAL_Driver/stm32f4xx_hal_rcc.o
                0x0000000008003a0c                APBAHBPrescTable
 *(.rodata*)
 .rodata.str1.4
                0x0000000008003a1c       0x8c ./Drivers/STM32F4xx_HAL_Driver/stm32f4xx_hal_cortex.o
 .rodata.str1.4
                0x0000000008003aa8       0x8a ./Drivers/STM32F4xx_HAL_Driver/stm32f4xx_hal_gpio.o
 *fill*         0x0000000008003b32        0x2 
 .rodata.str1.4
                0x0000000008003b34       0x89 ./Drivers/STM32F4xx_HAL_Driver/stm32f4xx_hal_rcc.o
 *fill*         0x0000000008003bbd        0x3 
 .rodata.str1.4
                0x0000000008003bc0       0x89 ./Drivers/STM32F4xx_HAL_Driver/stm32f4xx_hal_spi.o
 *fill*         0x0000000008003c49        0x3 
 .rodata.str1.4
                0x0000000008003c4c       0x8a ./Drivers/STM32F4xx_HAL_Driver/stm32f4xx_hal_uart.o
 *fill*         0x0000000008003cd6        0x2 
 .rodata.str1.4
                0x0000000008003cd8      0x3cb ./Example/User/example_usart.o
                                        0x3d7 (size before relaxing)
 *fill*         0x00000000080040a3        0x1 
 .rodata.str1.4
                0x00000000080040a4       0x1f ./Example/User/main.o
                0x00000000080040c4                . = ALIGN (0x4)
 *fill*         0x00000000080040c3        0x1 

.rel.dyn        0x00000000080040c4        0x0
 .rel.iplt      0x00000000080040c4        0x0 c:/st/stm32cubeide_1.12.1/stm32cubeide/plugins/com.st.stm32cube.ide.mcu.externaltools.gnu-tools-for-stm32.10.3-2021.10.win32_1.0.200.202301161003/tools/bin/../lib/gcc/arm-none-eabi/10.3.1/thumb/v7e-m+fp/hard/crtbegin.o

.ARM.extab
 *(.ARM.extab* .gnu.linkonce.armextab.*)

.ARM            0x00000000080040c4        0x0
                0x00000000080040c4                __exidx_start = .
 *(.ARM.exidx*)
                0x00000000080040c4                __exidx_end = .

.preinit_array  0x00000000080040c4        0x0
                0x00000000080040c4                PROVIDE (__preinit_array_start = .)
 *(.preinit_array*)
                0x00000000080040c4                PROVIDE (__preinit_array_end = .)

.init_array     0x00000000080040c4        0x4
                0x00000000080040c4                PROVIDE (__init_array_start = .)
 *(SORT_BY_NAME(.init_array.*))
 *(.init_array*)
 .init_array    0x00000000080040c4        0x4 c:/st/stm32cubeide_1.12.1/stm32cubeide/plugins/com.st.stm32cube.ide.mcu.externaltools.gnu-tools-for-stm32.10.3-2021.10.win32_1.0.200.202301161003/tools/bin/../lib/gcc/arm-none-eabi/10.3.1/thumb/v7e-m+fp/hard/crtbegin.o
                0x00000000080040c8                PROVIDE (__init_array_end = .)

.fini_array     0x00000000080040c8        0x4
                [!provide]                        PROVIDE (__fini_array_start = .)
 *(SORT_BY_NAME(.fini_array.*))
 *(.fini_array*)
 .fini_array    0x00000000080040c8        0x4 c:/st/stm32cubeide_1.12.1/stm32cubeide/plugins/com.st.stm32cube.ide.mcu.externaltools.gnu-tools-for-stm32.10.3-2021.10.win32_1.0.200.202301161003/tools/bin/../lib/gcc/arm-none-eabi/10.3.1/thumb/v7e-m+fp/hard/crtbegin.o
                [!provide]                        PROVIDE (__fini_array_end = .)
                0x00000000080040cc                _sidata = LOADADDR (.data)

.data           0x0000000020000000      0x368 load address 0x00000000080040cc
                0x0000000020000000                . = ALIGN (0x4)
                0x0000000020000000                _sdata = .
 *(.data)
 .data          0x0000000020000000       0x98 ./Drivers/BSP/Components/L6470/L6470.o
                0x0000000020000000                pL6470_StatusRegister
                0x0000000020000004                L6470Command
 .data          0x0000000020000098        0xc ./Drivers/BSP/STM32F4xx-Nucleo/stm32f4xx_nucleo.o
                0x0000000020000098                SpixTimeout
                0x000000002000009c                GPIO_PORT
                0x00000000200000a0                BUTTON_PORT
 .data          0x00000000200000a4      0x2c0 ./Drivers/BSP/X-NUCLEO-IHM02A1/xnucleoihm02a1.o
                0x00000000200000a4                L6470_nCS_GPIO_Array
                0x00000000200000b0                L6470DrvMtx
                0x0000000020000290                L6470_nSTBY_nRST_GPIO
                0x000000002000029c                L6470_nBUSY_SYNC_GPIO
                0x00000000200002a8                L6470_nFLAG_GPIO
                0x00000000200002b4                XNUCLEOIHM02A1Drv
                0x0000000020000314                XNUCLEOIHM02A1Command
 .data          0x0000000020000364        0x4 ./Drivers/CMSIS/system_stm32f4xx.o
                0x0000000020000364                SystemCoreClock
 *(.data*)
                0x0000000020000368                . = ALIGN (0x4)
                0x0000000020000368                _edata = .

.igot.plt       0x0000000020000368        0x0 load address 0x0000000008004434
 .igot.plt      0x0000000020000368        0x0 c:/st/stm32cubeide_1.12.1/stm32cubeide/plugins/com.st.stm32cube.ide.mcu.externaltools.gnu-tools-for-stm32.10.3-2021.10.win32_1.0.200.202301161003/tools/bin/../lib/gcc/arm-none-eabi/10.3.1/thumb/v7e-m+fp/hard/crtbegin.o
                0x0000000020000368                . = ALIGN (0x4)

.bss            0x0000000020000368      0x270 load address 0x0000000008004434
                0x0000000020000368                _sbss = .
                0x0000000020000368                __bss_start__ = _sbss
 *(.bss)
 .bss           0x0000000020000368       0x1c c:/st/stm32cubeide_1.12.1/stm32cubeide/plugins/com.st.stm32cube.ide.mcu.externaltools.gnu-tools-for-stm32.10.3-2021.10.win32_1.0.200.202301161003/tools/bin/../lib/gcc/arm-none-eabi/10.3.1/thumb/v7e-m+fp/hard/crtbegin.o
 .bss           0x0000000020000384       0x3a ./Drivers/BSP/Components/L6470/L6470.o
                0x0000000020000384                L6470_DaisyChain_HalfPrepared
                0x0000000020000388                L6470_AppCmdPkg
                0x00000000200003a8                delay_cnt
                0x00000000200003ac                L6470_DaisyChainSpiTxStruct
                0x00000000200003b4                L6470_DaisyChainSpiRxStruct
                0x00000000200003bc                L6470_StatusRegister
 *fill*         0x00000000200003be        0x2 
 .bss           0x00000000200003c0       0x10 ./Drivers/BSP/X-NUCLEO-IHM02A1/xnucleoihm02a1.o
                0x00000000200003c0                L6470_nCS_GPIO
                0x00000000200003cc                StatusBuffer
 .bss           0x00000000200003d0       0xf4 ./Drivers/BSP/X-NUCLEO-IHM02A1/xnucleoihm02a1_interface.o
                0x00000000200003d0                hspi1
                0x0000000020000428                hspi2
                0x0000000020000480                hadc1
 .bss           0x00000000200004c4        0x4 ./Drivers/STM32F4xx_HAL_Driver/stm32f4xx_hal.o
 .bss           0x00000000200004c8      0x110 ./Example/User/example_usart.o
                0x00000000200004c8                huart2
                0x0000000020000508                L6470_DaisyChainMnemonic
                0x0000000020000538                UsartTextString
                0x0000000020000578                L6470_TextCommandBundle
 *(.bss*)
 *(COMMON)
                0x00000000200005d8                . = ALIGN (0x4)
                0x00000000200005d8                _ebss = .
                0x00000000200005d8                __bss_end__ = _ebss

._user_heap_stack
                0x00000000200005d8      0x600 load address 0x0000000008004434
                0x00000000200005d8                . = ALIGN (0x8)
                0x00000000200005d8                PROVIDE (end = .)
                [!provide]                        PROVIDE (_end = .)
                0x00000000200007d8                . = (. + _Min_Heap_Size)
 *fill*         0x00000000200005d8      0x200 
                0x0000000020000bd8                . = (. + _Min_Stack_Size)
 *fill*         0x00000000200007d8      0x400 
                0x0000000020000bd8                . = ALIGN (0x8)

/DISCARD/
 libc.a(*)
 libm.a(*)
 libgcc.a(*)

.ARM.attributes
                0x0000000000000000       0x30
 *(.ARM.attributes)
 .ARM.attributes
                0x0000000000000000       0x1e c:/st/stm32cubeide_1.12.1/stm32cubeide/plugins/com.st.stm32cube.ide.mcu.externaltools.gnu-tools-for-stm32.10.3-2021.10.win32_1.0.200.202301161003/tools/bin/../lib/gcc/arm-none-eabi/10.3.1/thumb/v7e-m+fp/hard/crti.o
 .ARM.attributes
                0x000000000000001e       0x34 c:/st/stm32cubeide_1.12.1/stm32cubeide/plugins/com.st.stm32cube.ide.mcu.externaltools.gnu-tools-for-stm32.10.3-2021.10.win32_1.0.200.202301161003/tools/bin/../lib/gcc/arm-none-eabi/10.3.1/thumb/v7e-m+fp/hard/crtbegin.o
 .ARM.attributes
                0x0000000000000052       0x34 ./Drivers/BSP/Components/L6470/L6470.o
 .ARM.attributes
                0x0000000000000086       0x34 ./Drivers/BSP/STM32F4xx-Nucleo/stm32f4xx_nucleo.o
 .ARM.attributes
                0x00000000000000ba       0x34 ./Drivers/BSP/X-NUCLEO-IHM02A1/xnucleoihm02a1.o
 .ARM.attributes
                0x00000000000000ee       0x34 ./Drivers/BSP/X-NUCLEO-IHM02A1/xnucleoihm02a1_interface.o
 .ARM.attributes
                0x0000000000000122       0x34 ./Drivers/CMSIS/system_stm32f4xx.o
 .ARM.attributes
                0x0000000000000156       0x34 ./Drivers/STM32F4xx_HAL_Driver/stm32f4xx_hal.o
 .ARM.attributes
                0x000000000000018a       0x34 ./Drivers/STM32F4xx_HAL_Driver/stm32f4xx_hal_cortex.o
 .ARM.attributes
                0x00000000000001be       0x34 ./Drivers/STM32F4xx_HAL_Driver/stm32f4xx_hal_gpio.o
 .ARM.attributes
                0x00000000000001f2       0x34 ./Drivers/STM32F4xx_HAL_Driver/stm32f4xx_hal_rcc.o
 .ARM.attributes
                0x0000000000000226       0x34 ./Drivers/STM32F4xx_HAL_Driver/stm32f4xx_hal_spi.o
 .ARM.attributes
                0x000000000000025a       0x34 ./Drivers/STM32F4xx_HAL_Driver/stm32f4xx_hal_uart.o
 .ARM.attributes
                0x000000000000028e       0x21 ./Example/SW4STM32/startup_stm32f401xe.o
 .ARM.attributes
                0x00000000000002af       0x34 ./Example/User/example.o
 .ARM.attributes
                0x00000000000002e3       0x34 ./Example/User/example_usart.o
 .ARM.attributes
                0x0000000000000317       0x34 ./Example/User/main.o
 .ARM.attributes
                0x000000000000034b       0x34 ./Example/User/stm32f4xx_hal_msp.o
 .ARM.attributes
                0x000000000000037f       0x34 ./Example/User/stm32f4xx_it.o
 .ARM.attributes
                0x00000000000003b3       0x34 c:/st/stm32cubeide_1.12.1/stm32cubeide/plugins/com.st.stm32cube.ide.mcu.externaltools.gnu-tools-for-stm32.10.3-2021.10.win32_1.0.200.202301161003/tools/bin/../lib/gcc/arm-none-eabi/10.3.1/../../../../arm-none-eabi/lib/thumb/v7e-m+fp/hard\libc_nano.a(lib_a-init.o)
 .ARM.attributes
                0x00000000000003e7       0x1e c:/st/stm32cubeide_1.12.1/stm32cubeide/plugins/com.st.stm32cube.ide.mcu.externaltools.gnu-tools-for-stm32.10.3-2021.10.win32_1.0.200.202301161003/tools/bin/../lib/gcc/arm-none-eabi/10.3.1/thumb/v7e-m+fp/hard/crtn.o
OUTPUT(X-CUBE-SPN2_F401.elf elf32-littlearm)
LOAD linker stubs
LOAD c:/st/stm32cubeide_1.12.1/stm32cubeide/plugins/com.st.stm32cube.ide.mcu.externaltools.gnu-tools-for-stm32.10.3-2021.10.win32_1.0.200.202301161003/tools/bin/../lib/gcc/arm-none-eabi/10.3.1/../../../../arm-none-eabi/lib/thumb/v7e-m+fp/hard\libc.a
LOAD c:/st/stm32cubeide_1.12.1/stm32cubeide/plugins/com.st.stm32cube.ide.mcu.externaltools.gnu-tools-for-stm32.10.3-2021.10.win32_1.0.200.202301161003/tools/bin/../lib/gcc/arm-none-eabi/10.3.1/../../../../arm-none-eabi/lib/thumb/v7e-m+fp/hard\libm.a
LOAD c:/st/stm32cubeide_1.12.1/stm32cubeide/plugins/com.st.stm32cube.ide.mcu.externaltools.gnu-tools-for-stm32.10.3-2021.10.win32_1.0.200.202301161003/tools/bin/../lib/gcc/arm-none-eabi/10.3.1/thumb/v7e-m+fp/hard\libgcc.a

.debug_info     0x0000000000000000    0x15168
 .debug_info    0x0000000000000000     0x32d1 ./Drivers/BSP/Components/L6470/L6470.o
 .debug_info    0x00000000000032d1     0x1e8b ./Drivers/BSP/STM32F4xx-Nucleo/stm32f4xx_nucleo.o
 .debug_info    0x000000000000515c     0x2649 ./Drivers/BSP/X-NUCLEO-IHM02A1/xnucleoihm02a1.o
 .debug_info    0x00000000000077a5     0x13dc ./Drivers/BSP/X-NUCLEO-IHM02A1/xnucleoihm02a1_interface.o
 .debug_info    0x0000000000008b81      0x50c ./Drivers/CMSIS/system_stm32f4xx.o
 .debug_info    0x000000000000908d      0x8d1 ./Drivers/STM32F4xx_HAL_Driver/stm32f4xx_hal.o
 .debug_info    0x000000000000995e     0x121a ./Drivers/STM32F4xx_HAL_Driver/stm32f4xx_hal_cortex.o
 .debug_info    0x000000000000ab78      0x949 ./Drivers/STM32F4xx_HAL_Driver/stm32f4xx_hal_gpio.o
 .debug_info    0x000000000000b4c1     0x110c ./Drivers/STM32F4xx_HAL_Driver/stm32f4xx_hal_rcc.o
 .debug_info    0x000000000000c5cd     0x1abd ./Drivers/STM32F4xx_HAL_Driver/stm32f4xx_hal_spi.o
 .debug_info    0x000000000000e08a     0x1740 ./Drivers/STM32F4xx_HAL_Driver/stm32f4xx_hal_uart.o
 .debug_info    0x000000000000f7ca       0x22 ./Example/SW4STM32/startup_stm32f401xe.o
 .debug_info    0x000000000000f7ec     0x16d4 ./Example/User/example.o
 .debug_info    0x0000000000010ec0     0x1d16 ./Example/User/example_usart.o
 .debug_info    0x0000000000012bd6      0xbd9 ./Example/User/main.o
 .debug_info    0x00000000000137af     0x1342 ./Example/User/stm32f4xx_hal_msp.o
 .debug_info    0x0000000000014af1      0x677 ./Example/User/stm32f4xx_it.o

.debug_abbrev   0x0000000000000000     0x2c8f
 .debug_abbrev  0x0000000000000000      0x3b1 ./Drivers/BSP/Components/L6470/L6470.o
 .debug_abbrev  0x00000000000003b1      0x40d ./Drivers/BSP/STM32F4xx-Nucleo/stm32f4xx_nucleo.o
 .debug_abbrev  0x00000000000007be      0x350 ./Drivers/BSP/X-NUCLEO-IHM02A1/xnucleoihm02a1.o
 .debug_abbrev  0x0000000000000b0e      0x2bf ./Drivers/BSP/X-NUCLEO-IHM02A1/xnucleoihm02a1_interface.o
 .debug_abbrev  0x0000000000000dcd      0x12f ./Drivers/CMSIS/system_stm32f4xx.o
 .debug_abbrev  0x0000000000000efc      0x2a9 ./Drivers/STM32F4xx_HAL_Driver/stm32f4xx_hal.o
 .debug_abbrev  0x00000000000011a5      0x378 ./Drivers/STM32F4xx_HAL_Driver/stm32f4xx_hal_cortex.o
 .debug_abbrev  0x000000000000151d      0x237 ./Drivers/STM32F4xx_HAL_Driver/stm32f4xx_hal_gpio.o
 .debug_abbrev  0x0000000000001754      0x32d ./Drivers/STM32F4xx_HAL_Driver/stm32f4xx_hal_rcc.o
 .debug_abbrev  0x0000000000001a81      0x318 ./Drivers/STM32F4xx_HAL_Driver/stm32f4xx_hal_spi.o
 .debug_abbrev  0x0000000000001d99      0x313 ./Drivers/STM32F4xx_HAL_Driver/stm32f4xx_hal_uart.o
 .debug_abbrev  0x00000000000020ac       0x12 ./Example/SW4STM32/startup_stm32f401xe.o
 .debug_abbrev  0x00000000000020be      0x335 ./Example/User/example.o
 .debug_abbrev  0x00000000000023f3      0x2e4 ./Example/User/example_usart.o
 .debug_abbrev  0x00000000000026d7      0x21f ./Example/User/main.o
 .debug_abbrev  0x00000000000028f6      0x1d0 ./Example/User/stm32f4xx_hal_msp.o
 .debug_abbrev  0x0000000000002ac6      0x1c9 ./Example/User/stm32f4xx_it.o

.debug_loc      0x0000000000000000     0x8dc8
 .debug_loc     0x0000000000000000     0x1704 ./Drivers/BSP/Components/L6470/L6470.o
 .debug_loc     0x0000000000001704      0x5eb ./Drivers/BSP/STM32F4xx-Nucleo/stm32f4xx_nucleo.o
 .debug_loc     0x0000000000001cef      0xbf9 ./Drivers/BSP/X-NUCLEO-IHM02A1/xnucleoihm02a1.o
 .debug_loc     0x00000000000028e8      0x174 ./Drivers/BSP/X-NUCLEO-IHM02A1/xnucleoihm02a1_interface.o
 .debug_loc     0x0000000000002a5c      0x185 ./Drivers/CMSIS/system_stm32f4xx.o
 .debug_loc     0x0000000000002be1       0xdb ./Drivers/STM32F4xx_HAL_Driver/stm32f4xx_hal.o
 .debug_loc     0x0000000000002cbc      0x875 ./Drivers/STM32F4xx_HAL_Driver/stm32f4xx_hal_cortex.o
 .debug_loc     0x0000000000003531      0x712 ./Drivers/STM32F4xx_HAL_Driver/stm32f4xx_hal_gpio.o
 .debug_loc     0x0000000000003c43      0x93c ./Drivers/STM32F4xx_HAL_Driver/stm32f4xx_hal_rcc.o
 .debug_loc     0x000000000000457f     0x1618 ./Drivers/STM32F4xx_HAL_Driver/stm32f4xx_hal_spi.o
 .debug_loc     0x0000000000005b97     0x133f ./Drivers/STM32F4xx_HAL_Driver/stm32f4xx_hal_uart.o
 .debug_loc     0x0000000000006ed6      0x6f0 ./Example/User/example.o
 .debug_loc     0x00000000000075c6     0x1676 ./Example/User/example_usart.o
 .debug_loc     0x0000000000008c3c      0x18c ./Example/User/stm32f4xx_hal_msp.o

.debug_aranges  0x0000000000000000      0xb88
 .debug_aranges
                0x0000000000000000      0x260 ./Drivers/BSP/Components/L6470/L6470.o
 .debug_aranges
                0x0000000000000260       0xd0 ./Drivers/BSP/STM32F4xx-Nucleo/stm32f4xx_nucleo.o
 .debug_aranges
                0x0000000000000330      0x170 ./Drivers/BSP/X-NUCLEO-IHM02A1/xnucleoihm02a1.o
 .debug_aranges
                0x00000000000004a0       0x60 ./Drivers/BSP/X-NUCLEO-IHM02A1/xnucleoihm02a1_interface.o
 .debug_aranges
                0x0000000000000500       0x28 ./Drivers/CMSIS/system_stm32f4xx.o
 .debug_aranges
                0x0000000000000528       0xc0 ./Drivers/STM32F4xx_HAL_Driver/stm32f4xx_hal.o
 .debug_aranges
                0x00000000000005e8       0x98 ./Drivers/STM32F4xx_HAL_Driver/stm32f4xx_hal_cortex.o
 .debug_aranges
                0x0000000000000680       0x58 ./Drivers/STM32F4xx_HAL_Driver/stm32f4xx_hal_gpio.o
 .debug_aranges
                0x00000000000006d8       0x88 ./Drivers/STM32F4xx_HAL_Driver/stm32f4xx_hal_rcc.o
 .debug_aranges
                0x0000000000000760      0x150 ./Drivers/STM32F4xx_HAL_Driver/stm32f4xx_hal_spi.o
 .debug_aranges
                0x00000000000008b0      0x138 ./Drivers/STM32F4xx_HAL_Driver/stm32f4xx_hal_uart.o
 .debug_aranges
                0x00000000000009e8       0x28 ./Example/SW4STM32/startup_stm32f401xe.o
 .debug_aranges
                0x0000000000000a10       0x38 ./Example/User/example.o
 .debug_aranges
                0x0000000000000a48       0x88 ./Example/User/example_usart.o
 .debug_aranges
                0x0000000000000ad0       0x28 ./Example/User/main.o
 .debug_aranges
                0x0000000000000af8       0x50 ./Example/User/stm32f4xx_hal_msp.o
 .debug_aranges
                0x0000000000000b48       0x40 ./Example/User/stm32f4xx_it.o

.debug_ranges   0x0000000000000000      0xb28
 .debug_ranges  0x0000000000000000      0x250 ./Drivers/BSP/Components/L6470/L6470.o
 .debug_ranges  0x0000000000000250       0xf0 ./Drivers/BSP/STM32F4xx-Nucleo/stm32f4xx_nucleo.o
 .debug_ranges  0x0000000000000340      0x160 ./Drivers/BSP/X-NUCLEO-IHM02A1/xnucleoihm02a1.o
 .debug_ranges  0x00000000000004a0       0x50 ./Drivers/BSP/X-NUCLEO-IHM02A1/xnucleoihm02a1_interface.o
 .debug_ranges  0x00000000000004f0       0x18 ./Drivers/CMSIS/system_stm32f4xx.o
 .debug_ranges  0x0000000000000508       0xb0 ./Drivers/STM32F4xx_HAL_Driver/stm32f4xx_hal.o
 .debug_ranges  0x00000000000005b8       0xb8 ./Drivers/STM32F4xx_HAL_Driver/stm32f4xx_hal_cortex.o
 .debug_ranges  0x0000000000000670       0x48 ./Drivers/STM32F4xx_HAL_Driver/stm32f4xx_hal_gpio.o
 .debug_ranges  0x00000000000006b8       0x78 ./Drivers/STM32F4xx_HAL_Driver/stm32f4xx_hal_rcc.o
 .debug_ranges  0x0000000000000730      0x158 ./Drivers/STM32F4xx_HAL_Driver/stm32f4xx_hal_spi.o
 .debug_ranges  0x0000000000000888      0x128 ./Drivers/STM32F4xx_HAL_Driver/stm32f4xx_hal_uart.o
 .debug_ranges  0x00000000000009b0       0x20 ./Example/SW4STM32/startup_stm32f401xe.o
 .debug_ranges  0x00000000000009d0       0x58 ./Example/User/example.o
 .debug_ranges  0x0000000000000a28       0x78 ./Example/User/example_usart.o
 .debug_ranges  0x0000000000000aa0       0x18 ./Example/User/main.o
 .debug_ranges  0x0000000000000ab8       0x40 ./Example/User/stm32f4xx_hal_msp.o
 .debug_ranges  0x0000000000000af8       0x30 ./Example/User/stm32f4xx_it.o

.debug_macro    0x0000000000000000    0x10d9a
 .debug_macro   0x0000000000000000      0x358 ./Drivers/BSP/Components/L6470/L6470.o
 .debug_macro   0x0000000000000358      0xa72 ./Drivers/BSP/Components/L6470/L6470.o
 .debug_macro   0x0000000000000dca       0x22 ./Drivers/BSP/Components/L6470/L6470.o
 .debug_macro   0x0000000000000dec       0x8e ./Drivers/BSP/Components/L6470/L6470.o
 .debug_macro   0x0000000000000e7a       0x51 ./Drivers/BSP/Components/L6470/L6470.o
 .debug_macro   0x0000000000000ecb      0x103 ./Drivers/BSP/Components/L6470/L6470.o
 .debug_macro   0x0000000000000fce       0x6a ./Drivers/BSP/Components/L6470/L6470.o
 .debug_macro   0x0000000000001038      0x1df ./Drivers/BSP/Components/L6470/L6470.o
 .debug_macro   0x0000000000001217      0x100 ./Drivers/BSP/Components/L6470/L6470.o
 .debug_macro   0x0000000000001317       0x2e ./Drivers/BSP/Components/L6470/L6470.o
 .debug_macro   0x0000000000001345       0x28 ./Drivers/BSP/Components/L6470/L6470.o
 .debug_macro   0x000000000000136d       0x3b ./Drivers/BSP/Components/L6470/L6470.o
 .debug_macro   0x00000000000013a8       0x34 ./Drivers/BSP/Components/L6470/L6470.o
 .debug_macro   0x00000000000013dc       0x26 ./Drivers/BSP/Components/L6470/L6470.o
 .debug_macro   0x0000000000001402      0xe43 ./Drivers/BSP/Components/L6470/L6470.o
 .debug_macro   0x0000000000002245     0x501b ./Drivers/BSP/Components/L6470/L6470.o
 .debug_macro   0x0000000000007260       0x43 ./Drivers/BSP/Components/L6470/L6470.o
 .debug_macro   0x00000000000072a3      0x1b5 ./Drivers/BSP/Components/L6470/L6470.o
 .debug_macro   0x0000000000007458     0x3222 ./Drivers/BSP/Components/L6470/L6470.o
 .debug_macro   0x000000000000a67a       0x52 ./Drivers/BSP/Components/L6470/L6470.o
 .debug_macro   0x000000000000a6cc       0x1e ./Drivers/BSP/Components/L6470/L6470.o
 .debug_macro   0x000000000000a6ea       0x3c ./Drivers/BSP/Components/L6470/L6470.o
 .debug_macro   0x000000000000a726       0x34 ./Drivers/BSP/Components/L6470/L6470.o
 .debug_macro   0x000000000000a75a       0x16 ./Drivers/BSP/Components/L6470/L6470.o
 .debug_macro   0x000000000000a770       0x97 ./Drivers/BSP/Components/L6470/L6470.o
 .debug_macro   0x000000000000a807      0x341 ./Drivers/BSP/Components/L6470/L6470.o
 .debug_macro   0x000000000000ab48       0xfd ./Drivers/BSP/Components/L6470/L6470.o
 .debug_macro   0x000000000000ac45       0x10 ./Drivers/BSP/Components/L6470/L6470.o
 .debug_macro   0x000000000000ac55       0x16 ./Drivers/BSP/Components/L6470/L6470.o
 .debug_macro   0x000000000000ac6b       0x43 ./Drivers/BSP/Components/L6470/L6470.o
 .debug_macro   0x000000000000acae       0x34 ./Drivers/BSP/Components/L6470/L6470.o
 .debug_macro   0x000000000000ace2       0x10 ./Drivers/BSP/Components/L6470/L6470.o
 .debug_macro   0x000000000000acf2       0x58 ./Drivers/BSP/Components/L6470/L6470.o
 .debug_macro   0x000000000000ad4a       0x71 ./Drivers/BSP/Components/L6470/L6470.o
 .debug_macro   0x000000000000adbb       0x1c ./Drivers/BSP/Components/L6470/L6470.o
 .debug_macro   0x000000000000add7      0x12a ./Drivers/BSP/Components/L6470/L6470.o
 .debug_macro   0x000000000000af01       0x10 ./Drivers/BSP/Components/L6470/L6470.o
 .debug_macro   0x000000000000af11       0x1c ./Drivers/BSP/Components/L6470/L6470.o
 .debug_macro   0x000000000000af2d       0x52 ./Drivers/BSP/Components/L6470/L6470.o
 .debug_macro   0x000000000000af7f       0x22 ./Drivers/BSP/Components/L6470/L6470.o
 .debug_macro   0x000000000000afa1       0x10 ./Drivers/BSP/Components/L6470/L6470.o
 .debug_macro   0x000000000000afb1       0x52 ./Drivers/BSP/Components/L6470/L6470.o
 .debug_macro   0x000000000000b003       0xd5 ./Drivers/BSP/Components/L6470/L6470.o
 .debug_macro   0x000000000000b0d8       0x1c ./Drivers/BSP/Components/L6470/L6470.o
 .debug_macro   0x000000000000b0f4       0x3d ./Drivers/BSP/Components/L6470/L6470.o
 .debug_macro   0x000000000000b131       0x16 ./Drivers/BSP/Components/L6470/L6470.o
 .debug_macro   0x000000000000b147      0x145 ./Drivers/BSP/Components/L6470/L6470.o
 .debug_macro   0x000000000000b28c       0x57 ./Drivers/BSP/Components/L6470/L6470.o
 .debug_macro   0x000000000000b2e3      0x352 ./Drivers/BSP/Components/L6470/L6470.o
 .debug_macro   0x000000000000b635      0x8b5 ./Drivers/BSP/Components/L6470/L6470.o
 .debug_macro   0x000000000000beea      0x11e ./Drivers/BSP/Components/L6470/L6470.o
 .debug_macro   0x000000000000c008       0xf8 ./Drivers/BSP/Components/L6470/L6470.o
 .debug_macro   0x000000000000c100       0x27 ./Drivers/BSP/Components/L6470/L6470.o
 .debug_macro   0x000000000000c127      0x272 ./Drivers/BSP/Components/L6470/L6470.o
 .debug_macro   0x000000000000c399       0x5f ./Drivers/BSP/Components/L6470/L6470.o
 .debug_macro   0x000000000000c3f8      0x241 ./Drivers/BSP/Components/L6470/L6470.o
 .debug_macro   0x000000000000c639      0x31a ./Drivers/BSP/Components/L6470/L6470.o
 .debug_macro   0x000000000000c953      0x162 ./Drivers/BSP/Components/L6470/L6470.o
 .debug_macro   0x000000000000cab5       0xd6 ./Drivers/BSP/Components/L6470/L6470.o
 .debug_macro   0x000000000000cb8b      0x13a ./Drivers/BSP/Components/L6470/L6470.o
 .debug_macro   0x000000000000ccc5      0x264 ./Drivers/BSP/Components/L6470/L6470.o
 .debug_macro   0x000000000000cf29       0x2e ./Drivers/BSP/Components/L6470/L6470.o
 .debug_macro   0x000000000000cf57      0x11e ./Drivers/BSP/Components/L6470/L6470.o
 .debug_macro   0x000000000000d075       0x85 ./Drivers/BSP/Components/L6470/L6470.o
 .debug_macro   0x000000000000d0fa       0x89 ./Drivers/BSP/Components/L6470/L6470.o
 .debug_macro   0x000000000000d183      0x202 ./Drivers/BSP/Components/L6470/L6470.o
 .debug_macro   0x000000000000d385      0x287 ./Drivers/BSP/Components/L6470/L6470.o
 .debug_macro   0x000000000000d60c      0x11e ./Drivers/BSP/Components/L6470/L6470.o
 .debug_macro   0x000000000000d72a      0x1b4 ./Drivers/BSP/Components/L6470/L6470.o
 .debug_macro   0x000000000000d8de       0xdc ./Drivers/BSP/Components/L6470/L6470.o
 .debug_macro   0x000000000000d9ba      0x353 ./Drivers/BSP/STM32F4xx-Nucleo/stm32f4xx_nucleo.o
 .debug_macro   0x000000000000dd0d      0x1ae ./Drivers/BSP/STM32F4xx-Nucleo/stm32f4xx_nucleo.o
 .debug_macro   0x000000000000debb      0x359 ./Drivers/BSP/X-NUCLEO-IHM02A1/xnucleoihm02a1.o
 .debug_macro   0x000000000000e214       0x50 ./Drivers/BSP/X-NUCLEO-IHM02A1/xnucleoihm02a1.o
 .debug_macro   0x000000000000e264      0x340 ./Drivers/BSP/X-NUCLEO-IHM02A1/xnucleoihm02a1_interface.o
 .debug_macro   0x000000000000e5a4      0x320 ./Drivers/CMSIS/system_stm32f4xx.o
 .debug_macro   0x000000000000e8c4      0x368 ./Drivers/STM32F4xx_HAL_Driver/stm32f4xx_hal.o
 .debug_macro   0x000000000000ec2c      0x31a ./Drivers/STM32F4xx_HAL_Driver/stm32f4xx_hal_cortex.o
 .debug_macro   0x000000000000ef46      0x352 ./Drivers/STM32F4xx_HAL_Driver/stm32f4xx_hal_gpio.o
 .debug_macro   0x000000000000f298      0x344 ./Drivers/STM32F4xx_HAL_Driver/stm32f4xx_hal_rcc.o
 .debug_macro   0x000000000000f5dc      0x320 ./Drivers/STM32F4xx_HAL_Driver/stm32f4xx_hal_spi.o
 .debug_macro   0x000000000000f8fc      0x322 ./Drivers/STM32F4xx_HAL_Driver/stm32f4xx_hal_uart.o
 .debug_macro   0x000000000000fc1e      0x396 ./Example/User/example.o
 .debug_macro   0x000000000000ffb4       0x56 ./Example/User/example.o
 .debug_macro   0x000000000001000a      0x382 ./Example/User/example_usart.o
 .debug_macro   0x000000000001038c      0x387 ./Example/User/main.o
 .debug_macro   0x0000000000010713      0x332 ./Example/User/stm32f4xx_hal_msp.o
 .debug_macro   0x0000000000010a45      0x345 ./Example/User/stm32f4xx_it.o
 .debug_macro   0x0000000000010d8a       0x10 ./Example/User/stm32f4xx_it.o

.debug_line     0x0000000000000000    0x12e88
 .debug_line    0x0000000000000000     0x1a7c ./Drivers/BSP/Components/L6470/L6470.o
 .debug_line    0x0000000000001a7c     0x116b ./Drivers/BSP/STM32F4xx-Nucleo/stm32f4xx_nucleo.o
 .debug_line    0x0000000000002be7     0x1204 ./Drivers/BSP/X-NUCLEO-IHM02A1/xnucleoihm02a1.o
 .debug_line    0x0000000000003deb      0xde5 ./Drivers/BSP/X-NUCLEO-IHM02A1/xnucleoihm02a1_interface.o
 .debug_line    0x0000000000004bd0      0xa58 ./Drivers/CMSIS/system_stm32f4xx.o
 .debug_line    0x0000000000005628      0xbcf ./Drivers/STM32F4xx_HAL_Driver/stm32f4xx_hal.o
 .debug_line    0x00000000000061f7      0xed6 ./Drivers/STM32F4xx_HAL_Driver/stm32f4xx_hal_cortex.o
 .debug_line    0x00000000000070cd      0xf92 ./Drivers/STM32F4xx_HAL_Driver/stm32f4xx_hal_gpio.o
 .debug_line    0x000000000000805f     0x15cc ./Drivers/STM32F4xx_HAL_Driver/stm32f4xx_hal_rcc.o
 .debug_line    0x000000000000962b     0x28ac ./Drivers/STM32F4xx_HAL_Driver/stm32f4xx_hal_spi.o
 .debug_line    0x000000000000bed7     0x1ffe ./Drivers/STM32F4xx_HAL_Driver/stm32f4xx_hal_uart.o
 .debug_line    0x000000000000ded5      0x117 ./Example/SW4STM32/startup_stm32f401xe.o
 .debug_line    0x000000000000dfec     0x10a7 ./Example/User/example.o
 .debug_line    0x000000000000f093     0x1b04 ./Example/User/example_usart.o
 .debug_line    0x0000000000010b97      0xc1d ./Example/User/main.o
 .debug_line    0x00000000000117b4      0xc34 ./Example/User/stm32f4xx_hal_msp.o
 .debug_line    0x00000000000123e8      0xaa0 ./Example/User/stm32f4xx_it.o

.debug_str      0x0000000000000000    0x608ef
 .debug_str     0x0000000000000000    0x5d15c ./Drivers/BSP/Components/L6470/L6470.o
                                      0x5d8f7 (size before relaxing)
 .debug_str     0x000000000005d15c      0xd4a ./Drivers/BSP/STM32F4xx-Nucleo/stm32f4xx_nucleo.o
                                      0x5cabe (size before relaxing)
 .debug_str     0x000000000005dea6      0x67e ./Drivers/BSP/X-NUCLEO-IHM02A1/xnucleoihm02a1.o
                                      0x5d645 (size before relaxing)
 .debug_str     0x000000000005e524      0x437 ./Drivers/BSP/X-NUCLEO-IHM02A1/xnucleoihm02a1_interface.o
                                      0x5c9de (size before relaxing)
 .debug_str     0x000000000005e95b      0x14f ./Drivers/CMSIS/system_stm32f4xx.o
                                      0x5aebf (size before relaxing)
 .debug_str     0x000000000005eaaa      0x505 ./Drivers/STM32F4xx_HAL_Driver/stm32f4xx_hal.o
                                      0x5b730 (size before relaxing)
 .debug_str     0x000000000005efaf      0x36e ./Drivers/STM32F4xx_HAL_Driver/stm32f4xx_hal_cortex.o
                                      0x5b5be (size before relaxing)
 .debug_str     0x000000000005f31d      0x263 ./Drivers/STM32F4xx_HAL_Driver/stm32f4xx_hal_gpio.o
                                      0x5b11c (size before relaxing)
 .debug_str     0x000000000005f580      0x253 ./Drivers/STM32F4xx_HAL_Driver/stm32f4xx_hal_rcc.o
                                      0x5b2c1 (size before relaxing)
 .debug_str     0x000000000005f7d3      0x3d7 ./Drivers/STM32F4xx_HAL_Driver/stm32f4xx_hal_spi.o
                                      0x5b5a9 (size before relaxing)
 .debug_str     0x000000000005fbaa      0x3b3 ./Drivers/STM32F4xx_HAL_Driver/stm32f4xx_hal_uart.o
                                      0x5b59c (size before relaxing)
 .debug_str     0x000000000005ff5d       0xc7 ./Example/SW4STM32/startup_stm32f401xe.o
                                        0x181 (size before relaxing)
 .debug_str     0x0000000000060024      0x208 ./Example/User/example.o
                                      0x5d175 (size before relaxing)
 .debug_str     0x000000000006022c      0x423 ./Example/User/example_usart.o
                                      0x5d24f (size before relaxing)
 .debug_str     0x000000000006064f       0xe8 ./Example/User/main.o
                                      0x5ca8a (size before relaxing)
 .debug_str     0x0000000000060737       0xd4 ./Example/User/stm32f4xx_hal_msp.o
                                      0x5cb1c (size before relaxing)
 .debug_str     0x000000000006080b       0xe4 ./Example/User/stm32f4xx_it.o
                                      0x5c211 (size before relaxing)

.comment        0x0000000000000000       0x50
 .comment       0x0000000000000000       0x50 ./Drivers/BSP/Components/L6470/L6470.o
                                         0x51 (size before relaxing)
 .comment       0x0000000000000050       0x51 ./Drivers/BSP/STM32F4xx-Nucleo/stm32f4xx_nucleo.o
 .comment       0x0000000000000050       0x51 ./Drivers/BSP/X-NUCLEO-IHM02A1/xnucleoihm02a1.o
 .comment       0x0000000000000050       0x51 ./Drivers/BSP/X-NUCLEO-IHM02A1/xnucleoihm02a1_interface.o
 .comment       0x0000000000000050       0x51 ./Drivers/CMSIS/system_stm32f4xx.o
 .comment       0x0000000000000050       0x51 ./Drivers/STM32F4xx_HAL_Driver/stm32f4xx_hal.o
 .comment       0x0000000000000050       0x51 ./Drivers/STM32F4xx_HAL_Driver/stm32f4xx_hal_cortex.o
 .comment       0x0000000000000050       0x51 ./Drivers/STM32F4xx_HAL_Driver/stm32f4xx_hal_gpio.o
 .comment       0x0000000000000050       0x51 ./Drivers/STM32F4xx_HAL_Driver/stm32f4xx_hal_rcc.o
 .comment       0x0000000000000050       0x51 ./Drivers/STM32F4xx_HAL_Driver/stm32f4xx_hal_spi.o
 .comment       0x0000000000000050       0x51 ./Drivers/STM32F4xx_HAL_Driver/stm32f4xx_hal_uart.o
 .comment       0x0000000000000050       0x51 ./Example/User/example.o
 .comment       0x0000000000000050       0x51 ./Example/User/example_usart.o
 .comment       0x0000000000000050       0x51 ./Example/User/main.o
 .comment       0x0000000000000050       0x51 ./Example/User/stm32f4xx_hal_msp.o
 .comment       0x0000000000000050       0x51 ./Example/User/stm32f4xx_it.o

.debug_frame    0x0000000000000000     0x203c
 .debug_frame   0x0000000000000000      0x770 ./Drivers/BSP/Components/L6470/L6470.o
 .debug_frame   0x0000000000000770      0x2a0 ./Drivers/BSP/STM32F4xx-Nucleo/stm32f4xx_nucleo.o
 .debug_frame   0x0000000000000a10      0x430 ./Drivers/BSP/X-NUCLEO-IHM02A1/xnucleoihm02a1.o
 .debug_frame   0x0000000000000e40      0x10c ./Drivers/BSP/X-NUCLEO-IHM02A1/xnucleoihm02a1_interface.o
 .debug_frame   0x0000000000000f4c       0x30 ./Drivers/CMSIS/system_stm32f4xx.o
 .debug_frame   0x0000000000000f7c      0x188 ./Drivers/STM32F4xx_HAL_Driver/stm32f4xx_hal.o
 .debug_frame   0x0000000000001104      0x17c ./Drivers/STM32F4xx_HAL_Driver/stm32f4xx_hal_cortex.o
 .debug_frame   0x0000000000001280      0x10c ./Drivers/STM32F4xx_HAL_Driver/stm32f4xx_hal_gpio.o
 .debug_frame   0x000000000000138c      0x14c ./Drivers/STM32F4xx_HAL_Driver/stm32f4xx_hal_rcc.o
 .debug_frame   0x00000000000014d8      0x3fc ./Drivers/STM32F4xx_HAL_Driver/stm32f4xx_hal_spi.o
 .debug_frame   0x00000000000018d4      0x35c ./Drivers/STM32F4xx_HAL_Driver/stm32f4xx_hal_uart.o
 .debug_frame   0x0000000000001c30       0x84 ./Example/User/example.o
 .debug_frame   0x0000000000001cb4      0x1c0 ./Example/User/example_usart.o
 .debug_frame   0x0000000000001e74       0x40 ./Example/User/main.o
 .debug_frame   0x0000000000001eb4       0xd4 ./Example/User/stm32f4xx_hal_msp.o
 .debug_frame   0x0000000000001f88       0x88 ./Example/User/stm32f4xx_it.o
 .debug_frame   0x0000000000002010       0x2c c:/st/stm32cubeide_1.12.1/stm32cubeide/plugins/com.st.stm32cube.ide.mcu.externaltools.gnu-tools-for-stm32.10.3-2021.10.win32_1.0.200.202301161003/tools/bin/../lib/gcc/arm-none-eabi/10.3.1/../../../../arm-none-eabi/lib/thumb/v7e-m+fp/hard\libc_nano.a(lib_a-init.o)
