C:/Users/ssvis/dev/MTE325Lab/en.X-CUBE-SPN2_firmware/STM32CubeExpansion_SPN2_V1.1.1/Drivers/STM32F4xx_HAL_Driver/Src/stm32f4xx_hal_dma.c:926:17:DMA_CalcBaseAndBitshift	4	static
C:/Users/ssvis/dev/MTE325Lab/en.X-CUBE-SPN2_firmware/STM32CubeExpansion_SPN2_V1.1.1/Drivers/STM32F4xx_HAL_Driver/Src/stm32f4xx_hal_dma.c:190:19:HAL_DMA_Init	8	static
C:/Users/ssvis/dev/MTE325Lab/en.X-CUBE-SPN2_firmware/STM32CubeExpansion_SPN2_V1.1.1/Drivers/STM32F4xx_HAL_Driver/Src/stm32f4xx_hal_dma.c:286:19:HAL_DMA_DeInit	16	static
C:/Users/ssvis/dev/MTE325Lab/en.X-CUBE-SPN2_firmware/STM32CubeExpansion_SPN2_V1.1.1/Drivers/STM32F4xx_HAL_Driver/Src/stm32f4xx_hal_dma.c:372:19:HAL_DMA_Start	24	static
C:/Users/ssvis/dev/MTE325Lab/en.X-CUBE-SPN2_firmware/STM32CubeExpansion_SPN2_V1.1.1/Drivers/STM32F4xx_HAL_Driver/Src/stm32f4xx_hal_dma.c:404:19:HAL_DMA_Start_IT	24	static
C:/Users/ssvis/dev/MTE325Lab/en.X-CUBE-SPN2_firmware/STM32CubeExpansion_SPN2_V1.1.1/Drivers/STM32F4xx_HAL_Driver/Src/stm32f4xx_hal_dma.c:443:19:HAL_DMA_Abort	16	static
C:/Users/ssvis/dev/MTE325Lab/en.X-CUBE-SPN2_firmware/STM32CubeExpansion_SPN2_V1.1.1/Drivers/STM32F4xx_HAL_Driver/Src/stm32f4xx_hal_dma.c:488:19:HAL_DMA_PollForTransfer	40	static
C:/Users/ssvis/dev/MTE325Lab/en.X-CUBE-SPN2_firmware/STM32CubeExpansion_SPN2_V1.1.1/Drivers/STM32F4xx_HAL_Driver/Src/stm32f4xx_hal_dma.c:637:6:HAL_DMA_IRQHandler	16	static
C:/Users/ssvis/dev/MTE325Lab/en.X-CUBE-SPN2_firmware/STM32CubeExpansion_SPN2_V1.1.1/Drivers/STM32F4xx_HAL_Driver/Src/stm32f4xx_hal_dma.c:855:22:HAL_DMA_GetState	0	static
C:/Users/ssvis/dev/MTE325Lab/en.X-CUBE-SPN2_firmware/STM32CubeExpansion_SPN2_V1.1.1/Drivers/STM32F4xx_HAL_Driver/Src/stm32f4xx_hal_dma.c:866:10:HAL_DMA_GetError	0	static
