C:/Users/ssvis/dev/MTE325Lab/en.X-CUBE-SPN2_firmware/STM32CubeExpansion_SPN2_V1.1.1/Drivers/STM32F4xx_HAL_Driver/Src/stm32f4xx_hal_rcc.c:240:13:HAL_RCC_DeInit	0	static
C:/Users/ssvis/dev/MTE325Lab/en.X-CUBE-SPN2_firmware/STM32CubeExpansion_SPN2_V1.1.1/Drivers/STM32F4xx_HAL_Driver/Src/stm32f4xx_hal_rcc.c:251:26:HAL_RCC_OscConfig	32	static,ignoring_inline_asm
C:/Users/ssvis/dev/MTE325Lab/en.X-CUBE-SPN2_firmware/STM32CubeExpansion_SPN2_V1.1.1/Drivers/STM32F4xx_HAL_Driver/Src/stm32f4xx_hal_rcc.c:603:19:HAL_RCC_ClockConfig	24	static
C:/Users/ssvis/dev/MTE325Lab/en.X-CUBE-SPN2_firmware/STM32CubeExpansion_SPN2_V1.1.1/Drivers/STM32F4xx_HAL_Driver/Src/stm32f4xx_hal_rcc.c:883:6:HAL_RCC_MCOConfig	48	static
C:/Users/ssvis/dev/MTE325Lab/en.X-CUBE-SPN2_firmware/STM32CubeExpansion_SPN2_V1.1.1/Drivers/STM32F4xx_HAL_Driver/Src/stm32f4xx_hal_rcc.c:947:6:HAL_RCC_EnableCSS	0	static
C:/Users/ssvis/dev/MTE325Lab/en.X-CUBE-SPN2_firmware/STM32CubeExpansion_SPN2_V1.1.1/Drivers/STM32F4xx_HAL_Driver/Src/stm32f4xx_hal_rcc.c:956:6:HAL_RCC_DisableCSS	0	static
C:/Users/ssvis/dev/MTE325Lab/en.X-CUBE-SPN2_firmware/STM32CubeExpansion_SPN2_V1.1.1/Drivers/STM32F4xx_HAL_Driver/Src/stm32f4xx_hal_rcc.c:991:17:HAL_RCC_GetSysClockFreq	0	static,ignoring_inline_asm
C:/Users/ssvis/dev/MTE325Lab/en.X-CUBE-SPN2_firmware/STM32CubeExpansion_SPN2_V1.1.1/Drivers/STM32F4xx_HAL_Driver/Src/stm32f4xx_hal_rcc.c:1047:10:HAL_RCC_GetHCLKFreq	8	static,ignoring_inline_asm
C:/Users/ssvis/dev/MTE325Lab/en.X-CUBE-SPN2_firmware/STM32CubeExpansion_SPN2_V1.1.1/Drivers/STM32F4xx_HAL_Driver/Src/stm32f4xx_hal_rcc.c:1059:10:HAL_RCC_GetPCLK1Freq	8	static,ignoring_inline_asm
C:/Users/ssvis/dev/MTE325Lab/en.X-CUBE-SPN2_firmware/STM32CubeExpansion_SPN2_V1.1.1/Drivers/STM32F4xx_HAL_Driver/Src/stm32f4xx_hal_rcc.c:1071:10:HAL_RCC_GetPCLK2Freq	8	static,ignoring_inline_asm
C:/Users/ssvis/dev/MTE325Lab/en.X-CUBE-SPN2_firmware/STM32CubeExpansion_SPN2_V1.1.1/Drivers/STM32F4xx_HAL_Driver/Src/stm32f4xx_hal_rcc.c:1084:13:HAL_RCC_GetOscConfig	0	static,ignoring_inline_asm
C:/Users/ssvis/dev/MTE325Lab/en.X-CUBE-SPN2_firmware/STM32CubeExpansion_SPN2_V1.1.1/Drivers/STM32F4xx_HAL_Driver/Src/stm32f4xx_hal_rcc.c:1163:6:HAL_RCC_GetClockConfig	0	static
C:/Users/ssvis/dev/MTE325Lab/en.X-CUBE-SPN2_firmware/STM32CubeExpansion_SPN2_V1.1.1/Drivers/STM32F4xx_HAL_Driver/Src/stm32f4xx_hal_rcc.c:1206:13:HAL_RCC_CSSCallback	0	static
C:/Users/ssvis/dev/MTE325Lab/en.X-CUBE-SPN2_firmware/STM32CubeExpansion_SPN2_V1.1.1/Drivers/STM32F4xx_HAL_Driver/Src/stm32f4xx_hal_rcc.c:1189:6:HAL_RCC_NMI_IRQHandler	8	static
