C:/Users/ssvis/dev/MTE325Lab/en.X-CUBE-SPN2_firmware/STM32CubeExpansion_SPN2_V1.1.1/Drivers/STM32F4xx_HAL_Driver/Src/stm32f4xx_hal_adc.c:350:13:HAL_ADC_MspInit	0	static
C:/Users/ssvis/dev/MTE325Lab/en.X-CUBE-SPN2_firmware/STM32CubeExpansion_SPN2_V1.1.1/Drivers/STM32F4xx_HAL_Driver/Src/stm32f4xx_hal_adc.c:258:19:HAL_ADC_Init	8	static,ignoring_inline_asm
C:/Users/ssvis/dev/MTE325Lab/en.X-CUBE-SPN2_firmware/STM32CubeExpansion_SPN2_V1.1.1/Drivers/STM32F4xx_HAL_Driver/Src/stm32f4xx_hal_adc.c:363:13:HAL_ADC_MspDeInit	0	static
C:/Users/ssvis/dev/MTE325Lab/en.X-CUBE-SPN2_firmware/STM32CubeExpansion_SPN2_V1.1.1/Drivers/STM32F4xx_HAL_Driver/Src/stm32f4xx_hal_adc.c:317:19:HAL_ADC_DeInit	8	static
C:/Users/ssvis/dev/MTE325Lab/en.X-CUBE-SPN2_firmware/STM32CubeExpansion_SPN2_V1.1.1/Drivers/STM32F4xx_HAL_Driver/Src/stm32f4xx_hal_adc.c:400:19:HAL_ADC_Start	16	static
C:/Users/ssvis/dev/MTE325Lab/en.X-CUBE-SPN2_firmware/STM32CubeExpansion_SPN2_V1.1.1/Drivers/STM32F4xx_HAL_Driver/Src/stm32f4xx_hal_adc.c:476:19:HAL_ADC_Stop	0	static
C:/Users/ssvis/dev/MTE325Lab/en.X-CUBE-SPN2_firmware/STM32CubeExpansion_SPN2_V1.1.1/Drivers/STM32F4xx_HAL_Driver/Src/stm32f4xx_hal_adc.c:503:19:HAL_ADC_PollForConversion	16	static
C:/Users/ssvis/dev/MTE325Lab/en.X-CUBE-SPN2_firmware/STM32CubeExpansion_SPN2_V1.1.1/Drivers/STM32F4xx_HAL_Driver/Src/stm32f4xx_hal_adc.c:571:19:HAL_ADC_PollForEvent	24	static
C:/Users/ssvis/dev/MTE325Lab/en.X-CUBE-SPN2_firmware/STM32CubeExpansion_SPN2_V1.1.1/Drivers/STM32F4xx_HAL_Driver/Src/stm32f4xx_hal_adc.c:626:19:HAL_ADC_Start_IT	16	static
C:/Users/ssvis/dev/MTE325Lab/en.X-CUBE-SPN2_firmware/STM32CubeExpansion_SPN2_V1.1.1/Drivers/STM32F4xx_HAL_Driver/Src/stm32f4xx_hal_adc.c:710:19:HAL_ADC_Stop_IT	0	static
C:/Users/ssvis/dev/MTE325Lab/en.X-CUBE-SPN2_firmware/STM32CubeExpansion_SPN2_V1.1.1/Drivers/STM32F4xx_HAL_Driver/Src/stm32f4xx_hal_adc.c:873:19:HAL_ADC_Start_DMA	24	static
C:/Users/ssvis/dev/MTE325Lab/en.X-CUBE-SPN2_firmware/STM32CubeExpansion_SPN2_V1.1.1/Drivers/STM32F4xx_HAL_Driver/Src/stm32f4xx_hal_adc.c:941:19:HAL_ADC_Stop_DMA	8	static
C:/Users/ssvis/dev/MTE325Lab/en.X-CUBE-SPN2_firmware/STM32CubeExpansion_SPN2_V1.1.1/Drivers/STM32F4xx_HAL_Driver/Src/stm32f4xx_hal_adc.c:968:10:HAL_ADC_GetValue	0	static
C:/Users/ssvis/dev/MTE325Lab/en.X-CUBE-SPN2_firmware/STM32CubeExpansion_SPN2_V1.1.1/Drivers/STM32F4xx_HAL_Driver/Src/stm32f4xx_hal_adc.c:980:13:HAL_ADC_ConvCpltCallback	0	static
C:/Users/ssvis/dev/MTE325Lab/en.X-CUBE-SPN2_firmware/STM32CubeExpansion_SPN2_V1.1.1/Drivers/STM32F4xx_HAL_Driver/Src/stm32f4xx_hal_adc.c:1348:13:ADC_DMAConvCplt	8	static
C:/Users/ssvis/dev/MTE325Lab/en.X-CUBE-SPN2_firmware/STM32CubeExpansion_SPN2_V1.1.1/Drivers/STM32F4xx_HAL_Driver/Src/stm32f4xx_hal_adc.c:993:13:HAL_ADC_ConvHalfCpltCallback	0	static
C:/Users/ssvis/dev/MTE325Lab/en.X-CUBE-SPN2_firmware/STM32CubeExpansion_SPN2_V1.1.1/Drivers/STM32F4xx_HAL_Driver/Src/stm32f4xx_hal_adc.c:1373:13:ADC_DMAHalfConvCplt	8	static
C:/Users/ssvis/dev/MTE325Lab/en.X-CUBE-SPN2_firmware/STM32CubeExpansion_SPN2_V1.1.1/Drivers/STM32F4xx_HAL_Driver/Src/stm32f4xx_hal_adc.c:1006:13:HAL_ADC_LevelOutOfWindowCallback	0	static
C:/Users/ssvis/dev/MTE325Lab/en.X-CUBE-SPN2_firmware/STM32CubeExpansion_SPN2_V1.1.1/Drivers/STM32F4xx_HAL_Driver/Src/stm32f4xx_hal_adc.c:1019:13:HAL_ADC_ErrorCallback	0	static
C:/Users/ssvis/dev/MTE325Lab/en.X-CUBE-SPN2_firmware/STM32CubeExpansion_SPN2_V1.1.1/Drivers/STM32F4xx_HAL_Driver/Src/stm32f4xx_hal_adc.c:734:6:HAL_ADC_IRQHandler	8	static
C:/Users/ssvis/dev/MTE325Lab/en.X-CUBE-SPN2_firmware/STM32CubeExpansion_SPN2_V1.1.1/Drivers/STM32F4xx_HAL_Driver/Src/stm32f4xx_hal_adc.c:1386:13:ADC_DMAError	8	static
C:/Users/ssvis/dev/MTE325Lab/en.X-CUBE-SPN2_firmware/STM32CubeExpansion_SPN2_V1.1.1/Drivers/STM32F4xx_HAL_Driver/Src/stm32f4xx_hal_adc.c:1055:19:HAL_ADC_ConfigChannel	24	static
C:/Users/ssvis/dev/MTE325Lab/en.X-CUBE-SPN2_firmware/STM32CubeExpansion_SPN2_V1.1.1/Drivers/STM32F4xx_HAL_Driver/Src/stm32f4xx_hal_adc.c:1153:19:HAL_ADC_AnalogWDGConfig	16	static
C:/Users/ssvis/dev/MTE325Lab/en.X-CUBE-SPN2_firmware/STM32CubeExpansion_SPN2_V1.1.1/Drivers/STM32F4xx_HAL_Driver/Src/stm32f4xx_hal_adc.c:1235:22:HAL_ADC_GetState	0	static
C:/Users/ssvis/dev/MTE325Lab/en.X-CUBE-SPN2_firmware/STM32CubeExpansion_SPN2_V1.1.1/Drivers/STM32F4xx_HAL_Driver/Src/stm32f4xx_hal_adc.c:1247:10:HAL_ADC_GetError	0	static
