C:/Users/ssvis/dev/MTE325Lab/en.X-CUBE-SPN2_firmware/STM32CubeExpansion_SPN2_V1.1.1/Drivers/STM32F4xx_HAL_Driver/Src/stm32f4xx_hal_flash.c:707:13:FLASH_SetErrorCode	0	static
C:/Users/ssvis/dev/MTE325Lab/en.X-CUBE-SPN2_firmware/STM32CubeExpansion_SPN2_V1.1.1/Drivers/STM32F4xx_HAL_Driver/Src/stm32f4xx_hal_flash.c:690:13:FLASH_Program_Byte	16	static
C:/Users/ssvis/dev/MTE325Lab/en.X-CUBE-SPN2_firmware/STM32CubeExpansion_SPN2_V1.1.1/Drivers/STM32F4xx_HAL_Driver/Src/stm32f4xx_hal_flash.c:665:13:FLASH_Program_HalfWord	16	static
C:/Users/ssvis/dev/MTE325Lab/en.X-CUBE-SPN2_firmware/STM32CubeExpansion_SPN2_V1.1.1/Drivers/STM32F4xx_HAL_Driver/Src/stm32f4xx_hal_flash.c:640:13:FLASH_Program_Word	16	static
C:/Users/ssvis/dev/MTE325Lab/en.X-CUBE-SPN2_firmware/STM32CubeExpansion_SPN2_V1.1.1/Drivers/STM32F4xx_HAL_Driver/Src/stm32f4xx_hal_flash.c:614:13:FLASH_Program_DoubleWord	16	static
C:/Users/ssvis/dev/MTE325Lab/en.X-CUBE-SPN2_firmware/STM32CubeExpansion_SPN2_V1.1.1/Drivers/STM32F4xx_HAL_Driver/Src/stm32f4xx_hal_flash.c:233:19:HAL_FLASH_Program_IT	16	static
C:/Users/ssvis/dev/MTE325Lab/en.X-CUBE-SPN2_firmware/STM32CubeExpansion_SPN2_V1.1.1/Drivers/STM32F4xx_HAL_Driver/Src/stm32f4xx_hal_flash.c:398:13:HAL_FLASH_EndOfOperationCallback	0	static
C:/Users/ssvis/dev/MTE325Lab/en.X-CUBE-SPN2_firmware/STM32CubeExpansion_SPN2_V1.1.1/Drivers/STM32F4xx_HAL_Driver/Src/stm32f4xx_hal_flash.c:413:13:HAL_FLASH_OperationErrorCallback	0	static
C:/Users/ssvis/dev/MTE325Lab/en.X-CUBE-SPN2_firmware/STM32CubeExpansion_SPN2_V1.1.1/Drivers/STM32F4xx_HAL_Driver/Src/stm32f4xx_hal_flash.c:280:6:HAL_FLASH_IRQHandler	8	static
C:/Users/ssvis/dev/MTE325Lab/en.X-CUBE-SPN2_firmware/STM32CubeExpansion_SPN2_V1.1.1/Drivers/STM32F4xx_HAL_Driver/Src/stm32f4xx_hal_flash.c:443:19:HAL_FLASH_Unlock	0	static
C:/Users/ssvis/dev/MTE325Lab/en.X-CUBE-SPN2_firmware/STM32CubeExpansion_SPN2_V1.1.1/Drivers/STM32F4xx_HAL_Driver/Src/stm32f4xx_hal_flash.c:463:19:HAL_FLASH_Lock	0	static
C:/Users/ssvis/dev/MTE325Lab/en.X-CUBE-SPN2_firmware/STM32CubeExpansion_SPN2_V1.1.1/Drivers/STM32F4xx_HAL_Driver/Src/stm32f4xx_hal_flash.c:475:19:HAL_FLASH_OB_Unlock	0	static
C:/Users/ssvis/dev/MTE325Lab/en.X-CUBE-SPN2_firmware/STM32CubeExpansion_SPN2_V1.1.1/Drivers/STM32F4xx_HAL_Driver/Src/stm32f4xx_hal_flash.c:495:19:HAL_FLASH_OB_Lock	0	static
C:/Users/ssvis/dev/MTE325Lab/en.X-CUBE-SPN2_firmware/STM32CubeExpansion_SPN2_V1.1.1/Drivers/STM32F4xx_HAL_Driver/Src/stm32f4xx_hal_flash.c:544:10:HAL_FLASH_GetError	0	static
C:/Users/ssvis/dev/MTE325Lab/en.X-CUBE-SPN2_firmware/STM32CubeExpansion_SPN2_V1.1.1/Drivers/STM32F4xx_HAL_Driver/Src/stm32f4xx_hal_flash.c:558:19:FLASH_WaitForLastOperation	16	static
C:/Users/ssvis/dev/MTE325Lab/en.X-CUBE-SPN2_firmware/STM32CubeExpansion_SPN2_V1.1.1/Drivers/STM32F4xx_HAL_Driver/Src/stm32f4xx_hal_flash.c:175:19:HAL_FLASH_Program	24	static
C:/Users/ssvis/dev/MTE325Lab/en.X-CUBE-SPN2_firmware/STM32CubeExpansion_SPN2_V1.1.1/Drivers/STM32F4xx_HAL_Driver/Src/stm32f4xx_hal_flash.c:507:19:HAL_FLASH_OB_Launch	8	static
