C:/Users/ssvis/dev/MTE325Lab/en.X-CUBE-SPN2_firmware/STM32CubeExpansion_SPN2_V1.1.1/Drivers/BSP/X-NUCLEO-IHM02A1/NUCLEO-F401RE/xnucleoihm02a1_interface.c:110:6:SystemClock_Config	96	static
C:/Users/ssvis/dev/MTE325Lab/en.X-CUBE-SPN2_firmware/STM32CubeExpansion_SPN2_V1.1.1/Drivers/BSP/X-NUCLEO-IHM02A1/NUCLEO-F401RE/xnucleoihm02a1_interface.c:143:6:MX_GPIO_Init	8	static
C:/Users/ssvis/dev/MTE325Lab/en.X-CUBE-SPN2_firmware/STM32CubeExpansion_SPN2_V1.1.1/Drivers/BSP/X-NUCLEO-IHM02A1/NUCLEO-F401RE/xnucleoihm02a1_interface.c:185:6:MX_SPI1_Init	8	static
C:/Users/ssvis/dev/MTE325Lab/en.X-CUBE-SPN2_firmware/STM32CubeExpansion_SPN2_V1.1.1/Drivers/BSP/X-NUCLEO-IHM02A1/NUCLEO-F401RE/xnucleoihm02a1_interface.c:162:6:MX_SPI_Init	8	static
C:/Users/ssvis/dev/MTE325Lab/en.X-CUBE-SPN2_firmware/STM32CubeExpansion_SPN2_V1.1.1/Drivers/BSP/X-NUCLEO-IHM02A1/NUCLEO-F401RE/xnucleoihm02a1_interface.c:282:6:MX_SPI2_Init	8	static
C:/Users/ssvis/dev/MTE325Lab/en.X-CUBE-SPN2_firmware/STM32CubeExpansion_SPN2_V1.1.1/Drivers/BSP/X-NUCLEO-IHM02A1/NUCLEO-F401RE/xnucleoihm02a1_interface.c:377:6:MX_USART2_Init	8	static
C:/Users/ssvis/dev/MTE325Lab/en.X-CUBE-SPN2_firmware/STM32CubeExpansion_SPN2_V1.1.1/Drivers/BSP/X-NUCLEO-IHM02A1/NUCLEO-F401RE/xnucleoihm02a1_interface.c:395:6:MX_ADC1_Init	40	static
C:/Users/ssvis/dev/MTE325Lab/en.X-CUBE-SPN2_firmware/STM32CubeExpansion_SPN2_V1.1.1/Drivers/BSP/X-NUCLEO-IHM02A1/NUCLEO-F401RE/xnucleoihm02a1_interface.c:471:6:User_LED_Blinking	24	static
C:/Users/ssvis/dev/MTE325Lab/en.X-CUBE-SPN2_firmware/STM32CubeExpansion_SPN2_V1.1.1/Drivers/BSP/X-NUCLEO-IHM02A1/NUCLEO-F401RE/xnucleoihm02a1_interface.c:439:6:NUCLEO_Board_Init	8	static
