C:/Users/ssvis/dev/MTE325Lab/en.X-CUBE-SPN2_firmware/STM32CubeExpansion_SPN2_V1.1.1/Drivers/BSP/X-NUCLEO-IHM02A1/xnucleoihm02a1.c:743:9:BSP_Select	0	static
C:/Users/ssvis/dev/MTE325Lab/en.X-CUBE-SPN2_firmware/STM32CubeExpansion_SPN2_V1.1.1/Drivers/BSP/X-NUCLEO-IHM02A1/xnucleoihm02a1.c:589:6:BSP_L6470_ResetDevice	8	static
C:/Users/ssvis/dev/MTE325Lab/en.X-CUBE-SPN2_firmware/STM32CubeExpansion_SPN2_V1.1.1/Drivers/BSP/X-NUCLEO-IHM02A1/xnucleoihm02a1.c:665:10:BSP_L6470_GetStatus	8	static
C:/Users/ssvis/dev/MTE325Lab/en.X-CUBE-SPN2_firmware/STM32CubeExpansion_SPN2_V1.1.1/Drivers/BSP/X-NUCLEO-IHM02A1/xnucleoihm02a1.c:392:6:BSP_L6470_SetParam	16	static
C:/Users/ssvis/dev/MTE325Lab/en.X-CUBE-SPN2_firmware/STM32CubeExpansion_SPN2_V1.1.1/Drivers/BSP/X-NUCLEO-IHM02A1/xnucleoihm02a1.c:409:10:BSP_L6470_GetParam	16	static
C:/Users/ssvis/dev/MTE325Lab/en.X-CUBE-SPN2_firmware/STM32CubeExpansion_SPN2_V1.1.1/Drivers/BSP/X-NUCLEO-IHM02A1/xnucleoihm02a1.c:428:6:BSP_L6470_Run	16	static
C:/Users/ssvis/dev/MTE325Lab/en.X-CUBE-SPN2_firmware/STM32CubeExpansion_SPN2_V1.1.1/Drivers/BSP/X-NUCLEO-IHM02A1/xnucleoihm02a1.c:444:6:BSP_L6470_StepClock	16	static
C:/Users/ssvis/dev/MTE325Lab/en.X-CUBE-SPN2_firmware/STM32CubeExpansion_SPN2_V1.1.1/Drivers/BSP/X-NUCLEO-IHM02A1/xnucleoihm02a1.c:461:6:BSP_L6470_Move	16	static
C:/Users/ssvis/dev/MTE325Lab/en.X-CUBE-SPN2_firmware/STM32CubeExpansion_SPN2_V1.1.1/Drivers/BSP/X-NUCLEO-IHM02A1/xnucleoihm02a1.c:477:6:BSP_L6470_GoTo	16	static
C:/Users/ssvis/dev/MTE325Lab/en.X-CUBE-SPN2_firmware/STM32CubeExpansion_SPN2_V1.1.1/Drivers/BSP/X-NUCLEO-IHM02A1/xnucleoihm02a1.c:494:6:BSP_L6470_GoToDir	16	static
C:/Users/ssvis/dev/MTE325Lab/en.X-CUBE-SPN2_firmware/STM32CubeExpansion_SPN2_V1.1.1/Drivers/BSP/X-NUCLEO-IHM02A1/xnucleoihm02a1.c:512:6:BSP_L6470_GoUntil	16	static
C:/Users/ssvis/dev/MTE325Lab/en.X-CUBE-SPN2_firmware/STM32CubeExpansion_SPN2_V1.1.1/Drivers/BSP/X-NUCLEO-IHM02A1/xnucleoihm02a1.c:529:6:BSP_L6470_ReleaseSW	16	static
C:/Users/ssvis/dev/MTE325Lab/en.X-CUBE-SPN2_firmware/STM32CubeExpansion_SPN2_V1.1.1/Drivers/BSP/X-NUCLEO-IHM02A1/xnucleoihm02a1.c:544:6:BSP_L6470_GoHome	8	static
C:/Users/ssvis/dev/MTE325Lab/en.X-CUBE-SPN2_firmware/STM32CubeExpansion_SPN2_V1.1.1/Drivers/BSP/X-NUCLEO-IHM02A1/xnucleoihm02a1.c:559:6:BSP_L6470_GoMark	8	static
C:/Users/ssvis/dev/MTE325Lab/en.X-CUBE-SPN2_firmware/STM32CubeExpansion_SPN2_V1.1.1/Drivers/BSP/X-NUCLEO-IHM02A1/xnucleoihm02a1.c:574:6:BSP_L6470_ResetPos	8	static
C:/Users/ssvis/dev/MTE325Lab/en.X-CUBE-SPN2_firmware/STM32CubeExpansion_SPN2_V1.1.1/Drivers/BSP/X-NUCLEO-IHM02A1/xnucleoihm02a1.c:604:6:BSP_L6470_SoftStop	8	static
C:/Users/ssvis/dev/MTE325Lab/en.X-CUBE-SPN2_firmware/STM32CubeExpansion_SPN2_V1.1.1/Drivers/BSP/X-NUCLEO-IHM02A1/xnucleoihm02a1.c:619:6:BSP_L6470_HardStop	8	static
C:/Users/ssvis/dev/MTE325Lab/en.X-CUBE-SPN2_firmware/STM32CubeExpansion_SPN2_V1.1.1/Drivers/BSP/X-NUCLEO-IHM02A1/xnucleoihm02a1.c:634:6:BSP_L6470_SoftHiZ	8	static
C:/Users/ssvis/dev/MTE325Lab/en.X-CUBE-SPN2_firmware/STM32CubeExpansion_SPN2_V1.1.1/Drivers/BSP/X-NUCLEO-IHM02A1/xnucleoihm02a1.c:649:6:BSP_L6470_HardHiZ	8	static
C:/Users/ssvis/dev/MTE325Lab/en.X-CUBE-SPN2_firmware/STM32CubeExpansion_SPN2_V1.1.1/Drivers/BSP/X-NUCLEO-IHM02A1/xnucleoihm02a1.c:706:9:BSP_L6470_CheckStatusRegisterFlag	16	static
C:/Users/ssvis/dev/MTE325Lab/en.X-CUBE-SPN2_firmware/STM32CubeExpansion_SPN2_V1.1.1/Drivers/BSP/X-NUCLEO-IHM02A1/xnucleoihm02a1.c:854:6:BSP_L6470_0_0_Config	8	static
C:/Users/ssvis/dev/MTE325Lab/en.X-CUBE-SPN2_firmware/STM32CubeExpansion_SPN2_V1.1.1/Drivers/BSP/X-NUCLEO-IHM02A1/xnucleoihm02a1.c:867:6:BSP_L6470_0_1_Config	8	static
C:/Users/ssvis/dev/MTE325Lab/en.X-CUBE-SPN2_firmware/STM32CubeExpansion_SPN2_V1.1.1/Drivers/BSP/X-NUCLEO-IHM02A1/xnucleoihm02a1.c:880:6:BSP_L6470_1_0_Config	8	static
C:/Users/ssvis/dev/MTE325Lab/en.X-CUBE-SPN2_firmware/STM32CubeExpansion_SPN2_V1.1.1/Drivers/BSP/X-NUCLEO-IHM02A1/xnucleoihm02a1.c:893:6:BSP_L6470_1_1_Config	8	static
C:/Users/ssvis/dev/MTE325Lab/en.X-CUBE-SPN2_firmware/STM32CubeExpansion_SPN2_V1.1.1/Drivers/BSP/X-NUCLEO-IHM02A1/xnucleoihm02a1.c:906:6:BSP_L6470_2_0_Config	8	static
C:/Users/ssvis/dev/MTE325Lab/en.X-CUBE-SPN2_firmware/STM32CubeExpansion_SPN2_V1.1.1/Drivers/BSP/X-NUCLEO-IHM02A1/xnucleoihm02a1.c:919:6:BSP_L6470_2_1_Config	8	static
C:/Users/ssvis/dev/MTE325Lab/en.X-CUBE-SPN2_firmware/STM32CubeExpansion_SPN2_V1.1.1/Drivers/BSP/X-NUCLEO-IHM02A1/xnucleoihm02a1.c:932:6:BSP_L6470_3_0_Config	8	static
C:/Users/ssvis/dev/MTE325Lab/en.X-CUBE-SPN2_firmware/STM32CubeExpansion_SPN2_V1.1.1/Drivers/BSP/X-NUCLEO-IHM02A1/xnucleoihm02a1.c:945:6:BSP_L6470_3_1_Config	8	static
C:/Users/ssvis/dev/MTE325Lab/en.X-CUBE-SPN2_firmware/STM32CubeExpansion_SPN2_V1.1.1/Drivers/BSP/X-NUCLEO-IHM02A1/xnucleoihm02a1.c:270:6:BSP_NUCLEO_GPIO_Init	48	static
C:/Users/ssvis/dev/MTE325Lab/en.X-CUBE-SPN2_firmware/STM32CubeExpansion_SPN2_V1.1.1/Drivers/BSP/X-NUCLEO-IHM02A1/xnucleoihm02a1.c:320:6:BSP_L6470_Init	16	static
C:/Users/ssvis/dev/MTE325Lab/en.X-CUBE-SPN2_firmware/STM32CubeExpansion_SPN2_V1.1.1/Drivers/BSP/X-NUCLEO-IHM02A1/xnucleoihm02a1.c:357:6:BSP_IRQ	8	static
C:/Users/ssvis/dev/MTE325Lab/en.X-CUBE-SPN2_firmware/STM32CubeExpansion_SPN2_V1.1.1/Drivers/BSP/X-NUCLEO-IHM02A1/xnucleoihm02a1.c:687:10:BSP_L6470_PerformPreparedApplicationCommand	8	static
C:/Users/ssvis/dev/MTE325Lab/en.X-CUBE-SPN2_firmware/STM32CubeExpansion_SPN2_V1.1.1/Drivers/BSP/X-NUCLEO-IHM02A1/xnucleoihm02a1.c:726:9:EXPBRD_ID	0	static
C:/Users/ssvis/dev/MTE325Lab/en.X-CUBE-SPN2_firmware/STM32CubeExpansion_SPN2_V1.1.1/Drivers/BSP/X-NUCLEO-IHM02A1/xnucleoihm02a1.c:759:6:BSP_Init	8	static
C:/Users/ssvis/dev/MTE325Lab/en.X-CUBE-SPN2_firmware/STM32CubeExpansion_SPN2_V1.1.1/Drivers/BSP/X-NUCLEO-IHM02A1/xnucleoihm02a1.c:777:6:BSP_L6470_BusySynchEventManager	0	static,ignoring_inline_asm
C:/Users/ssvis/dev/MTE325Lab/en.X-CUBE-SPN2_firmware/STM32CubeExpansion_SPN2_V1.1.1/Drivers/BSP/X-NUCLEO-IHM02A1/xnucleoihm02a1.c:785:6:BSP_L6470_FlagEventManager	0	static,ignoring_inline_asm
C:/Users/ssvis/dev/MTE325Lab/en.X-CUBE-SPN2_firmware/STM32CubeExpansion_SPN2_V1.1.1/Drivers/BSP/X-NUCLEO-IHM02A1/xnucleoihm02a1.c:793:6:BSP_EmergencyStop	8	static
C:/Users/ssvis/dev/MTE325Lab/en.X-CUBE-SPN2_firmware/STM32CubeExpansion_SPN2_V1.1.1/Drivers/BSP/X-NUCLEO-IHM02A1/xnucleoihm02a1.c:958:28:BSP_GetExpansionBoardHandle	0	static
C:/Users/ssvis/dev/MTE325Lab/en.X-CUBE-SPN2_firmware/STM32CubeExpansion_SPN2_V1.1.1/Drivers/BSP/X-NUCLEO-IHM02A1/xnucleoihm02a1.c:977:6:BSP_Config	16	static
C:/Users/ssvis/dev/MTE325Lab/en.X-CUBE-SPN2_firmware/STM32CubeExpansion_SPN2_V1.1.1/Drivers/BSP/X-NUCLEO-IHM02A1/xnucleoihm02a1.c:805:6:BSP_0_Config	8	static
C:/Users/ssvis/dev/MTE325Lab/en.X-CUBE-SPN2_firmware/STM32CubeExpansion_SPN2_V1.1.1/Drivers/BSP/X-NUCLEO-IHM02A1/xnucleoihm02a1.c:817:6:BSP_1_Config	8	static
C:/Users/ssvis/dev/MTE325Lab/en.X-CUBE-SPN2_firmware/STM32CubeExpansion_SPN2_V1.1.1/Drivers/BSP/X-NUCLEO-IHM02A1/xnucleoihm02a1.c:829:6:BSP_2_Config	8	static
C:/Users/ssvis/dev/MTE325Lab/en.X-CUBE-SPN2_firmware/STM32CubeExpansion_SPN2_V1.1.1/Drivers/BSP/X-NUCLEO-IHM02A1/xnucleoihm02a1.c:841:6:BSP_3_Config	8	static
